Feb  4 13:58:09 cu-cs-vm rsyslogd: [origin software="rsyslogd" swVersion="8.16.0" x-pid="794" x-info="http://www.rsyslog.com"] rsyslogd was HUPed
Feb  4 13:58:14 cu-cs-vm anacron[813]: Job `cron.daily' terminated
Feb  4 13:58:14 cu-cs-vm anacron[813]: Normal exit (1 job run)
Feb  4 13:58:57 cu-cs-vm systemd[1032]: Reached target Shutdown.
Feb  4 13:58:57 cu-cs-vm systemd[1032]: Stopped target Default.
Feb  4 13:58:57 cu-cs-vm systemd[1032]: Starting Exit the Session...
Feb  4 13:58:57 cu-cs-vm systemd[1032]: Stopped target Basic System.
Feb  4 13:58:57 cu-cs-vm systemd[1032]: Stopped target Paths.
Feb  4 13:58:57 cu-cs-vm systemd[1032]: Stopped target Sockets.
Feb  4 13:58:57 cu-cs-vm systemd[1032]: Stopped target Timers.
Feb  4 13:58:57 cu-cs-vm systemd[1]: Stopping User Manager for UID 1000...
Feb  4 13:58:57 cu-cs-vm systemd[1]: Stopped target Sound Card.
Feb  4 13:58:57 cu-cs-vm systemd[1]: Closed Load/Save RF Kill Switch Status /dev/rfkill Watch.
Feb  4 13:58:57 cu-cs-vm systemd[1032]: Received SIGRTMIN+24 from PID 13703 (kill).
Feb  4 13:58:57 cu-cs-vm systemd[1]: Stopped target Timers.
Feb  4 13:58:57 cu-cs-vm systemd[1]: Stopped Daily apt upgrade and clean activities.
Feb  4 13:58:57 cu-cs-vm systemd[1]: Stopping Daemon for power management...
Feb  4 13:58:57 cu-cs-vm systemd[1]: Stopped target Graphical Interface.
Feb  4 13:58:57 cu-cs-vm dbus[816]: [system] Activating via systemd: service name='org.freedesktop.UPower' unit='upower.service'
Feb  4 13:58:57 cu-cs-vm systemd[1]: Stopping Accounts Service...
Feb  4 13:58:57 cu-cs-vm systemd[1]: Stopped Daily apt download activities.
Feb  4 13:58:57 cu-cs-vm systemd[1]: Stopping Light Display Manager...
Feb  4 13:58:57 cu-cs-vm systemd[1]: Stopping Disk Manager...
Feb  4 13:58:57 cu-cs-vm systemd[1]: Stopping RealtimeKit Scheduling Policy Service...
Feb  4 13:58:57 cu-cs-vm systemd[1]: Stopped Timer to automatically refresh installed snaps.
Feb  4 13:58:57 cu-cs-vm systemd[1]: Stopping Daemon for generating UUIDs...
Feb  4 13:58:57 cu-cs-vm systemd[1]: Stopped target System Time Synchronized.
Feb  4 13:58:57 cu-cs-vm systemd[1]: Stopping ACPI event daemon...
Feb  4 13:58:57 cu-cs-vm systemd[1]: Stopped Daily Cleanup of Temporary Directories.
Feb  4 13:58:57 cu-cs-vm systemd[1]: Stopped target Multi-User System.
Feb  4 13:58:57 cu-cs-vm systemd[1]: Stopping LSB: automatic crash report generation...
Feb  4 13:58:57 cu-cs-vm systemd[1]: Stopping Thermal Daemon Service...
Feb  4 13:58:57 cu-cs-vm systemd[1]: Stopping LSB: daemon to balance interrupts for SMP systems...
Feb  4 13:58:57 cu-cs-vm systemd[1]: Stopping Unattended Upgrades Shutdown...
Feb  4 13:58:57 cu-cs-vm systemd[1]: Stopping crash report submission daemon...
Feb  4 13:58:57 cu-cs-vm systemd[1]: Stopping Modem Manager...
Feb  4 13:58:09 cu-cs-vm rsyslogd: [origin software="rsyslogd" swVersion="8.16.0" x-pid="794" x-info="http://www.rsyslog.com"] rsyslogd was HUPed
Feb  4 13:58:57 cu-cs-vm rsyslogd: [origin software="rsyslogd" swVersion="8.16.0" x-pid="794" x-info="http://www.rsyslog.com"] exiting on signal 15.
Feb  4 13:59:08 cu-cs-vm rsyslogd: [origin software="rsyslogd" swVersion="8.16.0" x-pid="813" x-info="http://www.rsyslog.com"] start
Feb  4 13:59:08 cu-cs-vm rsyslogd-2222: command 'KLogPermitNonKernelFacility' is currently not permitted - did you already set it via a RainerScript command (v6+ config)? [v8.16.0 try http://www.rsyslog.com/e/2222 ]
Feb  4 13:59:08 cu-cs-vm rsyslogd: rsyslogd's groupid changed to 108
Feb  4 13:59:08 cu-cs-vm rsyslogd: rsyslogd's userid changed to 104
Feb  4 13:59:08 cu-cs-vm kernel: [    0.000000] random: get_random_bytes called from start_kernel+0x42/0x504 with crng_init=0
Feb  4 13:59:08 cu-cs-vm kernel: [    0.000000] Linux version 4.13.0-32-generic (buildd@lgw01-amd64-004) (gcc version 5.4.0 20160609 (Ubuntu 5.4.0-6ubuntu1~16.04.5)) #35~16.04.1-Ubuntu SMP Thu Jan 25 10:13:43 UTC 2018 (Ubuntu 4.13.0-32.35~16.04.1-generic 4.13.13)
Feb  4 13:59:08 cu-cs-vm kernel: [    0.000000] Command line: BOOT_IMAGE=/@/boot/vmlinuz-4.13.13first root=UUID=bb1213fd-aa15-420b-8d34-682b907abadc ro rootflags=subvol=@ crashkernel=384M-2G:128M,2G-:256M
Feb  4 13:59:08 cu-cs-vm kernel: [    0.000000] KERNEL supported cpus:
Feb  4 13:59:08 cu-cs-vm kernel: [    0.000000]   Intel GenuineIntel
Feb  4 13:59:08 cu-cs-vm kernel: [    0.000000]   AMD AuthenticAMD
Feb  4 13:59:08 cu-cs-vm kernel: [    0.000000]   Centaur CentaurHauls
Feb  4 13:59:08 cu-cs-vm kernel: [    0.000000] Disabled fast string operations
Feb  4 13:59:08 cu-cs-vm kernel: [    0.000000] x86/fpu: Supporting XSAVE feature 0x001: 'x87 floating point registers'
Feb  4 13:59:08 cu-cs-vm kernel: [    0.000000] x86/fpu: Supporting XSAVE feature 0x002: 'SSE registers'
Feb  4 13:59:08 cu-cs-vm kernel: [    0.000000] x86/fpu: Supporting XSAVE feature 0x004: 'AVX registers'
Feb  4 13:59:08 cu-cs-vm kernel: [    0.000000] x86/fpu: xstate_offset[2]:  576, xstate_sizes[2]:  256
Feb  4 13:59:08 cu-cs-vm kernel: [    0.000000] x86/fpu: Enabled xstate features 0x7, context size is 832 bytes, using 'standard' format.
Feb  4 13:59:08 cu-cs-vm kernel: [    0.000000] e820: BIOS-provided physical RAM map:
Feb  4 13:59:08 cu-cs-vm kernel: [    0.000000] BIOS-e820: [mem 0x0000000000000100-0x000000000009e7ff] usable
Feb  4 13:59:08 cu-cs-vm kernel: [    0.000000] BIOS-e820: [mem 0x000000000009e800-0x000000000009ffff] reserved
Feb  4 13:59:08 cu-cs-vm kernel: [    0.000000] BIOS-e820: [mem 0x00000000000dc000-0x00000000000fffff] reserved
Feb  4 13:59:08 cu-cs-vm kernel: [    0.000000] BIOS-e820: [mem 0x0000000000100000-0x00000000bfecffff] usable
Feb  4 13:59:08 cu-cs-vm kernel: [    0.000000] BIOS-e820: [mem 0x00000000bfed0000-0x00000000bfefefff] ACPI data
Feb  4 13:59:08 cu-cs-vm kernel: [    0.000000] BIOS-e820: [mem 0x00000000bfeff000-0x00000000bfefffff] ACPI NVS
Feb  4 13:59:08 cu-cs-vm kernel: [    0.000000] BIOS-e820: [mem 0x00000000bff00000-0x00000000bfffffff] usable
Feb  4 13:59:08 cu-cs-vm kernel: [    0.000000] BIOS-e820: [mem 0x00000000f0000000-0x00000000f7ffffff] reserved
Feb  4 13:59:08 cu-cs-vm kernel: [    0.000000] BIOS-e820: [mem 0x00000000fec00000-0x00000000fec0ffff] reserved
Feb  4 13:59:08 cu-cs-vm kernel: [    0.000000] BIOS-e820: [mem 0x00000000fee00000-0x00000000fee00fff] reserved
Feb  4 13:59:08 cu-cs-vm kernel: [    0.000000] BIOS-e820: [mem 0x00000000fffe0000-0x00000000ffffffff] reserved
Feb  4 13:59:08 cu-cs-vm kernel: [    0.000000] BIOS-e820: [mem 0x0000000100000000-0x000000023fffffff] usable
Feb  4 13:59:08 cu-cs-vm kernel: [    0.000000] NX (Execute Disable) protection: active
Feb  4 13:59:08 cu-cs-vm kernel: [    0.000000] random: fast init done
Feb  4 13:59:08 cu-cs-vm kernel: [    0.000000] SMBIOS 2.4 present.
Feb  4 13:59:08 cu-cs-vm kernel: [    0.000000] DMI: VMware, Inc. VMware Virtual Platform/440BX Desktop Reference Platform, BIOS 6.00 07/02/2015
Feb  4 13:59:08 cu-cs-vm kernel: [    0.000000] Hypervisor detected: VMware
Feb  4 13:59:08 cu-cs-vm kernel: [    0.000000] vmware: TSC freq read from hypervisor : 2592.004 MHz
Feb  4 13:59:08 cu-cs-vm kernel: [    0.000000] vmware: Host bus clock speed read from hypervisor : 66000000 Hz
Feb  4 13:59:08 cu-cs-vm kernel: [    0.000000] vmware: using sched offset of 366584306049 ns
Feb  4 13:59:08 cu-cs-vm kernel: [    0.000000] e820: update [mem 0x00000000-0x00000fff] usable ==> reserved
Feb  4 13:59:08 cu-cs-vm kernel: [    0.000000] e820: remove [mem 0x000a0000-0x000fffff] usable
Feb  4 13:59:08 cu-cs-vm kernel: [    0.000000] e820: last_pfn = 0x240000 max_arch_pfn = 0x400000000
Feb  4 13:59:08 cu-cs-vm kernel: [    0.000000] MTRR default type: uncachable
Feb  4 13:59:08 cu-cs-vm kernel: [    0.000000] MTRR fixed ranges enabled:
Feb  4 13:59:08 cu-cs-vm kernel: [    0.000000]   00000-9FFFF write-back
Feb  4 13:59:08 cu-cs-vm kernel: [    0.000000]   A0000-BFFFF uncachable
Feb  4 13:59:08 cu-cs-vm kernel: [    0.000000]   C0000-CBFFF write-protect
Feb  4 13:59:08 cu-cs-vm kernel: [    0.000000]   CC000-EFFFF uncachable
Feb  4 13:59:08 cu-cs-vm kernel: [    0.000000]   F0000-FFFFF write-protect
Feb  4 13:59:08 cu-cs-vm kernel: [    0.000000] MTRR variable ranges enabled:
Feb  4 13:59:08 cu-cs-vm kernel: [    0.000000]   0 base 000C0000000 mask 3FFC0000000 uncachable
Feb  4 13:59:08 cu-cs-vm kernel: [    0.000000]   1 base 00000000000 mask 3C000000000 write-back
Feb  4 13:59:08 cu-cs-vm kernel: [    0.000000]   2 disabled
Feb  4 13:59:08 cu-cs-vm kernel: [    0.000000]   3 disabled
Feb  4 13:59:08 cu-cs-vm kernel: [    0.000000]   4 disabled
Feb  4 13:59:08 cu-cs-vm kernel: [    0.000000]   5 disabled
Feb  4 13:59:08 cu-cs-vm kernel: [    0.000000]   6 disabled
Feb  4 13:59:08 cu-cs-vm kernel: [    0.000000]   7 disabled
Feb  4 13:59:08 cu-cs-vm kernel: [    0.000000] x86/PAT: Configuration [0-7]: WB  WC  UC- UC  WB  WC  UC- WT  
Feb  4 13:59:08 cu-cs-vm kernel: [    0.000000] total RAM covered: 261120M
Feb  4 13:59:08 cu-cs-vm kernel: [    0.000000]  gran_size: 64K 	chunk_size: 64K 	num_reg: 8  	lose cover RAM: 0G
Feb  4 13:59:08 cu-cs-vm kernel: [    0.000000]  gran_size: 64K 	chunk_size: 128K 	num_reg: 8  	lose cover RAM: 0G
Feb  4 13:59:08 cu-cs-vm kernel: [    0.000000]  gran_size: 64K 	chunk_size: 256K 	num_reg: 8  	lose cover RAM: 0G
Feb  4 13:59:08 cu-cs-vm kernel: [    0.000000]  gran_size: 64K 	chunk_size: 512K 	num_reg: 8  	lose cover RAM: 0G
Feb  4 13:59:08 cu-cs-vm kernel: [    0.000000]  gran_size: 64K 	chunk_size: 1M 	num_reg: 8  	lose cover RAM: 0G
Feb  4 13:59:08 cu-cs-vm kernel: [    0.000000]  gran_size: 64K 	chunk_size: 2M 	num_reg: 8  	lose cover RAM: 0G
Feb  4 13:59:08 cu-cs-vm kernel: [    0.000000]  gran_size: 64K 	chunk_size: 4M 	num_reg: 8  	lose cover RAM: 0G
Feb  4 13:59:08 cu-cs-vm kernel: [    0.000000]  gran_size: 64K 	chunk_size: 8M 	num_reg: 8  	lose cover RAM: 0G
Feb  4 13:59:08 cu-cs-vm kernel: [    0.000000]  gran_size: 64K 	chunk_size: 16M 	num_reg: 8  	lose cover RAM: 0G
Feb  4 13:59:08 cu-cs-vm kernel: [    0.000000]  gran_size: 64K 	chunk_size: 32M 	num_reg: 8  	lose cover RAM: 0G
Feb  4 13:59:08 cu-cs-vm kernel: [    0.000000]  gran_size: 64K 	chunk_size: 64M 	num_reg: 8  	lose cover RAM: 0G
Feb  4 13:59:08 cu-cs-vm kernel: [    0.000000]  gran_size: 64K 	chunk_size: 128M 	num_reg: 8  	lose cover RAM: 0G
Feb  4 13:59:08 cu-cs-vm kernel: [    0.000000]  gran_size: 64K 	chunk_size: 256M 	num_reg: 8  	lose cover RAM: 0G
Feb  4 13:59:08 cu-cs-vm kernel: [    0.000000]  gran_size: 64K 	chunk_size: 512M 	num_reg: 8  	lose cover RAM: 0G
Feb  4 13:59:08 cu-cs-vm kernel: [    0.000000]  gran_size: 64K 	chunk_size: 1G 	num_reg: 8  	lose cover RAM: 0G
Feb  4 13:59:08 cu-cs-vm kernel: [    0.000000]  gran_size: 64K 	chunk_size: 2G 	num_reg: 8  	lose cover RAM: 0G
Feb  4 13:59:08 cu-cs-vm kernel: [    0.000000]  gran_size: 128K 	chunk_size: 128K 	num_reg: 8  	lose cover RAM: 0G
Feb  4 13:59:08 cu-cs-vm kernel: [    0.000000]  gran_size: 128K 	chunk_size: 256K 	num_reg: 8  	lose cover RAM: 0G
Feb  4 13:59:08 cu-cs-vm kernel: [    0.000000]  gran_size: 128K 	chunk_size: 512K 	num_reg: 8  	lose cover RAM: 0G
Feb  4 13:59:08 cu-cs-vm kernel: [    0.000000]  gran_size: 128K 	chunk_size: 1M 	num_reg: 8  	lose cover RAM: 0G
Feb  4 13:59:08 cu-cs-vm kernel: [    0.000000]  gran_size: 128K 	chunk_size: 2M 	num_reg: 8  	lose cover RAM: 0G
Feb  4 13:59:08 cu-cs-vm kernel: [    0.000000]  gran_size: 128K 	chunk_size: 4M 	num_reg: 8  	lose cover RAM: 0G
Feb  4 13:59:08 cu-cs-vm kernel: [    0.000000]  gran_size: 128K 	chunk_size: 8M 	num_reg: 8  	lose cover RAM: 0G
Feb  4 13:59:08 cu-cs-vm kernel: [    0.000000]  gran_size: 128K 	chunk_size: 16M 	num_reg: 8  	lose cover RAM: 0G
Feb  4 13:59:08 cu-cs-vm kernel: [    0.000000]  gran_size: 128K 	chunk_size: 32M 	num_reg: 8  	lose cover RAM: 0G
Feb  4 13:59:08 cu-cs-vm kernel: [    0.000000]  gran_size: 128K 	chunk_size: 64M 	num_reg: 8  	lose cover RAM: 0G
Feb  4 13:59:08 cu-cs-vm kernel: [    0.000000]  gran_size: 128K 	chunk_size: 128M 	num_reg: 8  	lose cover RAM: 0G
Feb  4 13:59:08 cu-cs-vm kernel: [    0.000000]  gran_size: 128K 	chunk_size: 256M 	num_reg: 8  	lose cover RAM: 0G
Feb  4 13:59:08 cu-cs-vm kernel: [    0.000000]  gran_size: 128K 	chunk_size: 512M 	num_reg: 8  	lose cover RAM: 0G
Feb  4 13:59:08 cu-cs-vm kernel: [    0.000000]  gran_size: 128K 	chunk_size: 1G 	num_reg: 8  	lose cover RAM: 0G
Feb  4 13:59:08 cu-cs-vm kernel: [    0.000000]  gran_size: 128K 	chunk_size: 2G 	num_reg: 8  	lose cover RAM: 0G
Feb  4 13:59:08 cu-cs-vm kernel: [    0.000000]  gran_size: 256K 	chunk_size: 256K 	num_reg: 8  	lose cover RAM: 0G
Feb  4 13:59:08 cu-cs-vm kernel: [    0.000000]  gran_size: 256K 	chunk_size: 512K 	num_reg: 8  	lose cover RAM: 0G
Feb  4 13:59:08 cu-cs-vm kernel: [    0.000000]  gran_size: 256K 	chunk_size: 1M 	num_reg: 8  	lose cover RAM: 0G
Feb  4 13:59:08 cu-cs-vm kernel: [    0.000000]  gran_size: 256K 	chunk_size: 2M 	num_reg: 8  	lose cover RAM: 0G
Feb  4 13:59:08 cu-cs-vm kernel: [    0.000000]  gran_size: 256K 	chunk_size: 4M 	num_reg: 8  	lose cover RAM: 0G
Feb  4 13:59:08 cu-cs-vm kernel: [    0.000000]  gran_size: 256K 	chunk_size: 8M 	num_reg: 8  	lose cover RAM: 0G
Feb  4 13:59:08 cu-cs-vm kernel: [    0.000000]  gran_size: 256K 	chunk_size: 16M 	num_reg: 8  	lose cover RAM: 0G
Feb  4 13:59:08 cu-cs-vm kernel: [    0.000000]  gran_size: 256K 	chunk_size: 32M 	num_reg: 8  	lose cover RAM: 0G
Feb  4 13:59:08 cu-cs-vm kernel: [    0.000000]  gran_size: 256K 	chunk_size: 64M 	num_reg: 8  	lose cover RAM: 0G
Feb  4 13:59:08 cu-cs-vm kernel: [    0.000000]  gran_size: 256K 	chunk_size: 128M 	num_reg: 8  	lose cover RAM: 0G
Feb  4 13:59:08 cu-cs-vm kernel: [    0.000000]  gran_size: 256K 	chunk_size: 256M 	num_reg: 8  	lose cover RAM: 0G
Feb  4 13:59:08 cu-cs-vm kernel: [    0.000000]  gran_size: 256K 	chunk_size: 512M 	num_reg: 8  	lose cover RAM: 0G
Feb  4 13:59:08 cu-cs-vm kernel: [    0.000000]  gran_size: 256K 	chunk_size: 1G 	num_reg: 8  	lose cover RAM: 0G
Feb  4 13:59:08 cu-cs-vm kernel: [    0.000000]  gran_size: 256K 	chunk_size: 2G 	num_reg: 8  	lose cover RAM: 0G
Feb  4 13:59:08 cu-cs-vm kernel: [    0.000000]  gran_size: 512K 	chunk_size: 512K 	num_reg: 8  	lose cover RAM: 0G
Feb  4 13:59:08 cu-cs-vm kernel: [    0.000000]  gran_size: 512K 	chunk_size: 1M 	num_reg: 8  	lose cover RAM: 0G
Feb  4 13:59:08 cu-cs-vm kernel: [    0.000000]  gran_size: 512K 	chunk_size: 2M 	num_reg: 8  	lose cover RAM: 0G
Feb  4 13:59:08 cu-cs-vm kernel: [    0.000000]  gran_size: 512K 	chunk_size: 4M 	num_reg: 8  	lose cover RAM: 0G
Feb  4 13:59:08 cu-cs-vm kernel: [    0.000000]  gran_size: 512K 	chunk_size: 8M 	num_reg: 8  	lose cover RAM: 0G
Feb  4 13:59:08 cu-cs-vm kernel: [    0.000000]  gran_size: 512K 	chunk_size: 16M 	num_reg: 8  	lose cover RAM: 0G
Feb  4 13:59:08 cu-cs-vm kernel: [    0.000000]  gran_size: 512K 	chunk_size: 32M 	num_reg: 8  	lose cover RAM: 0G
Feb  4 13:59:08 cu-cs-vm kernel: [    0.000000]  gran_size: 512K 	chunk_size: 64M 	num_reg: 8  	lose cover RAM: 0G
Feb  4 13:59:08 cu-cs-vm kernel: [    0.000000]  gran_size: 512K 	chunk_size: 128M 	num_reg: 8  	lose cover RAM: 0G
Feb  4 13:59:08 cu-cs-vm kernel: [    0.000000]  gran_size: 512K 	chunk_size: 256M 	num_reg: 8  	lose cover RAM: 0G
Feb  4 13:59:08 cu-cs-vm kernel: [    0.000000]  gran_size: 512K 	chunk_size: 512M 	num_reg: 8  	lose cover RAM: 0G
Feb  4 13:59:08 cu-cs-vm kernel: [    0.000000]  gran_size: 512K 	chunk_size: 1G 	num_reg: 8  	lose cover RAM: 0G
Feb  4 13:59:08 cu-cs-vm kernel: [    0.000000]  gran_size: 512K 	chunk_size: 2G 	num_reg: 8  	lose cover RAM: 0G
Feb  4 13:59:08 cu-cs-vm kernel: [    0.000000]  gran_size: 1M 	chunk_size: 1M 	num_reg: 8  	lose cover RAM: 0G
Feb  4 13:59:08 cu-cs-vm kernel: [    0.000000]  gran_size: 1M 	chunk_size: 2M 	num_reg: 8  	lose cover RAM: 0G
Feb  4 13:59:08 cu-cs-vm rsyslogd-2039: Could not open output pipe '/dev/xconsole':: No such file or directory [v8.16.0 try http://www.rsyslog.com/e/2039 ]
Feb  4 13:59:08 cu-cs-vm rsyslogd-2007: action 'action 10' suspended, next retry is Sun Feb  4 13:59:38 2018 [v8.16.0 try http://www.rsyslog.com/e/2007 ]
Feb  4 13:59:08 cu-cs-vm kernel: [    0.000000]  gran_size: 1M 	chunk_size: 4M 	num_reg: 8  	lose cover RAM: 0G
Feb  4 13:59:08 cu-cs-vm kernel: [    0.000000]  gran_size: 1M 	chunk_size: 8M 	num_reg: 8  	lose cover RAM: 0G
Feb  4 13:59:08 cu-cs-vm kernel: [    0.000000]  gran_size: 1M 	chunk_size: 16M 	num_reg: 8  	lose cover RAM: 0G
Feb  4 13:59:08 cu-cs-vm kernel: [    0.000000]  gran_size: 1M 	chunk_size: 32M 	num_reg: 8  	lose cover RAM: 0G
Feb  4 13:59:08 cu-cs-vm kernel: [    0.000000]  gran_size: 1M 	chunk_size: 64M 	num_reg: 8  	lose cover RAM: 0G
Feb  4 13:59:08 cu-cs-vm kernel: [    0.000000]  gran_size: 1M 	chunk_size: 128M 	num_reg: 8  	lose cover RAM: 0G
Feb  4 13:59:08 cu-cs-vm kernel: [    0.000000]  gran_size: 1M 	chunk_size: 256M 	num_reg: 8  	lose cover RAM: 0G
Feb  4 13:59:08 cu-cs-vm kernel: [    0.000000]  gran_size: 1M 	chunk_size: 512M 	num_reg: 8  	lose cover RAM: 0G
Feb  4 13:59:08 cu-cs-vm kernel: [    0.000000]  gran_size: 1M 	chunk_size: 1G 	num_reg: 8  	lose cover RAM: 0G
Feb  4 13:59:08 cu-cs-vm kernel: [    0.000000]  gran_size: 1M 	chunk_size: 2G 	num_reg: 8  	lose cover RAM: 0G
Feb  4 13:59:08 cu-cs-vm kernel: [    0.000000]  gran_size: 2M 	chunk_size: 2M 	num_reg: 8  	lose cover RAM: 0G
Feb  4 13:59:08 cu-cs-vm kernel: [    0.000000]  gran_size: 2M 	chunk_size: 4M 	num_reg: 8  	lose cover RAM: 0G
Feb  4 13:59:08 cu-cs-vm kernel: [    0.000000]  gran_size: 2M 	chunk_size: 8M 	num_reg: 8  	lose cover RAM: 0G
Feb  4 13:59:08 cu-cs-vm kernel: [    0.000000]  gran_size: 2M 	chunk_size: 16M 	num_reg: 8  	lose cover RAM: 0G
Feb  4 13:59:08 cu-cs-vm kernel: [    0.000000]  gran_size: 2M 	chunk_size: 32M 	num_reg: 8  	lose cover RAM: 0G
Feb  4 13:59:08 cu-cs-vm kernel: [    0.000000]  gran_size: 2M 	chunk_size: 64M 	num_reg: 8  	lose cover RAM: 0G
Feb  4 13:59:08 cu-cs-vm kernel: [    0.000000]  gran_size: 2M 	chunk_size: 128M 	num_reg: 8  	lose cover RAM: 0G
Feb  4 13:59:08 cu-cs-vm kernel: [    0.000000]  gran_size: 2M 	chunk_size: 256M 	num_reg: 8  	lose cover RAM: 0G
Feb  4 13:59:08 cu-cs-vm kernel: [    0.000000]  gran_size: 2M 	chunk_size: 512M 	num_reg: 8  	lose cover RAM: 0G
Feb  4 13:59:08 cu-cs-vm kernel: [    0.000000]  gran_size: 2M 	chunk_size: 1G 	num_reg: 8  	lose cover RAM: 0G
Feb  4 13:59:08 cu-cs-vm kernel: [    0.000000]  gran_size: 2M 	chunk_size: 2G 	num_reg: 8  	lose cover RAM: 0G
Feb  4 13:59:08 cu-cs-vm kernel: [    0.000000]  gran_size: 4M 	chunk_size: 4M 	num_reg: 8  	lose cover RAM: 0G
Feb  4 13:59:08 cu-cs-vm kernel: [    0.000000]  gran_size: 4M 	chunk_size: 8M 	num_reg: 8  	lose cover RAM: 0G
Feb  4 13:59:08 cu-cs-vm kernel: [    0.000000]  gran_size: 4M 	chunk_size: 16M 	num_reg: 8  	lose cover RAM: 0G
Feb  4 13:59:08 cu-cs-vm kernel: [    0.000000]  gran_size: 4M 	chunk_size: 32M 	num_reg: 8  	lose cover RAM: 0G
Feb  4 13:59:08 cu-cs-vm kernel: [    0.000000]  gran_size: 4M 	chunk_size: 64M 	num_reg: 8  	lose cover RAM: 0G
Feb  4 13:59:08 cu-cs-vm kernel: [    0.000000]  gran_size: 4M 	chunk_size: 128M 	num_reg: 8  	lose cover RAM: 0G
Feb  4 13:59:08 cu-cs-vm kernel: [    0.000000]  gran_size: 4M 	chunk_size: 256M 	num_reg: 8  	lose cover RAM: 0G
Feb  4 13:59:08 cu-cs-vm kernel: [    0.000000]  gran_size: 4M 	chunk_size: 512M 	num_reg: 8  	lose cover RAM: 0G
Feb  4 13:59:08 cu-cs-vm kernel: [    0.000000]  gran_size: 4M 	chunk_size: 1G 	num_reg: 8  	lose cover RAM: 0G
Feb  4 13:59:08 cu-cs-vm kernel: [    0.000000]  gran_size: 4M 	chunk_size: 2G 	num_reg: 8  	lose cover RAM: 0G
Feb  4 13:59:08 cu-cs-vm kernel: [    0.000000]  gran_size: 8M 	chunk_size: 8M 	num_reg: 8  	lose cover RAM: 0G
Feb  4 13:59:08 cu-cs-vm kernel: [    0.000000]  gran_size: 8M 	chunk_size: 16M 	num_reg: 8  	lose cover RAM: 0G
Feb  4 13:59:08 cu-cs-vm kernel: [    0.000000]  gran_size: 8M 	chunk_size: 32M 	num_reg: 8  	lose cover RAM: 0G
Feb  4 13:59:08 cu-cs-vm kernel: [    0.000000]  gran_size: 8M 	chunk_size: 64M 	num_reg: 8  	lose cover RAM: 0G
Feb  4 13:59:08 cu-cs-vm kernel: [    0.000000]  gran_size: 8M 	chunk_size: 128M 	num_reg: 8  	lose cover RAM: 0G
Feb  4 13:59:08 cu-cs-vm kernel: [    0.000000]  gran_size: 8M 	chunk_size: 256M 	num_reg: 8  	lose cover RAM: 0G
Feb  4 13:59:08 cu-cs-vm kernel: [    0.000000]  gran_size: 8M 	chunk_size: 512M 	num_reg: 8  	lose cover RAM: 0G
Feb  4 13:59:08 cu-cs-vm kernel: [    0.000000]  gran_size: 8M 	chunk_size: 1G 	num_reg: 8  	lose cover RAM: 0G
Feb  4 13:59:08 cu-cs-vm kernel: [    0.000000]  gran_size: 8M 	chunk_size: 2G 	num_reg: 8  	lose cover RAM: 0G
Feb  4 13:59:08 cu-cs-vm kernel: [    0.000000]  gran_size: 16M 	chunk_size: 16M 	num_reg: 8  	lose cover RAM: 0G
Feb  4 13:59:08 cu-cs-vm kernel: [    0.000000]  gran_size: 16M 	chunk_size: 32M 	num_reg: 8  	lose cover RAM: 0G
Feb  4 13:59:08 cu-cs-vm kernel: [    0.000000]  gran_size: 16M 	chunk_size: 64M 	num_reg: 8  	lose cover RAM: 0G
Feb  4 13:59:08 cu-cs-vm kernel: [    0.000000]  gran_size: 16M 	chunk_size: 128M 	num_reg: 8  	lose cover RAM: 0G
Feb  4 13:59:08 cu-cs-vm kernel: [    0.000000]  gran_size: 16M 	chunk_size: 256M 	num_reg: 8  	lose cover RAM: 0G
Feb  4 13:59:08 cu-cs-vm kernel: [    0.000000]  gran_size: 16M 	chunk_size: 512M 	num_reg: 8  	lose cover RAM: 0G
Feb  4 13:59:08 cu-cs-vm kernel: [    0.000000]  gran_size: 16M 	chunk_size: 1G 	num_reg: 8  	lose cover RAM: 0G
Feb  4 13:59:08 cu-cs-vm kernel: [    0.000000]  gran_size: 16M 	chunk_size: 2G 	num_reg: 8  	lose cover RAM: 0G
Feb  4 13:59:08 cu-cs-vm kernel: [    0.000000]  gran_size: 32M 	chunk_size: 32M 	num_reg: 8  	lose cover RAM: 0G
Feb  4 13:59:08 cu-cs-vm kernel: [    0.000000]  gran_size: 32M 	chunk_size: 64M 	num_reg: 8  	lose cover RAM: 0G
Feb  4 13:59:08 cu-cs-vm kernel: [    0.000000]  gran_size: 32M 	chunk_size: 128M 	num_reg: 8  	lose cover RAM: 0G
Feb  4 13:59:08 cu-cs-vm kernel: [    0.000000]  gran_size: 32M 	chunk_size: 256M 	num_reg: 8  	lose cover RAM: 0G
Feb  4 13:59:08 cu-cs-vm kernel: [    0.000000]  gran_size: 32M 	chunk_size: 512M 	num_reg: 8  	lose cover RAM: 0G
Feb  4 13:59:08 cu-cs-vm kernel: [    0.000000]  gran_size: 32M 	chunk_size: 1G 	num_reg: 8  	lose cover RAM: 0G
Feb  4 13:59:08 cu-cs-vm kernel: [    0.000000]  gran_size: 32M 	chunk_size: 2G 	num_reg: 8  	lose cover RAM: 0G
Feb  4 13:59:08 cu-cs-vm kernel: [    0.000000]  gran_size: 64M 	chunk_size: 64M 	num_reg: 8  	lose cover RAM: 0G
Feb  4 13:59:08 cu-cs-vm kernel: [    0.000000]  gran_size: 64M 	chunk_size: 128M 	num_reg: 8  	lose cover RAM: 0G
Feb  4 13:59:08 cu-cs-vm kernel: [    0.000000]  gran_size: 64M 	chunk_size: 256M 	num_reg: 8  	lose cover RAM: 0G
Feb  4 13:59:08 cu-cs-vm kernel: [    0.000000]  gran_size: 64M 	chunk_size: 512M 	num_reg: 8  	lose cover RAM: 0G
Feb  4 13:59:08 cu-cs-vm kernel: [    0.000000]  gran_size: 64M 	chunk_size: 1G 	num_reg: 8  	lose cover RAM: 0G
Feb  4 13:59:08 cu-cs-vm kernel: [    0.000000]  gran_size: 64M 	chunk_size: 2G 	num_reg: 8  	lose cover RAM: 0G
Feb  4 13:59:08 cu-cs-vm kernel: [    0.000000]  gran_size: 128M 	chunk_size: 128M 	num_reg: 8  	lose cover RAM: 0G
Feb  4 13:59:08 cu-cs-vm kernel: [    0.000000]  gran_size: 128M 	chunk_size: 256M 	num_reg: 8  	lose cover RAM: 0G
Feb  4 13:59:08 cu-cs-vm kernel: [    0.000000]  gran_size: 128M 	chunk_size: 512M 	num_reg: 8  	lose cover RAM: 0G
Feb  4 13:59:08 cu-cs-vm kernel: [    0.000000]  gran_size: 128M 	chunk_size: 1G 	num_reg: 8  	lose cover RAM: 0G
Feb  4 13:59:08 cu-cs-vm kernel: [    0.000000]  gran_size: 128M 	chunk_size: 2G 	num_reg: 8  	lose cover RAM: 0G
Feb  4 13:59:08 cu-cs-vm kernel: [    0.000000]  gran_size: 256M 	chunk_size: 256M 	num_reg: 8  	lose cover RAM: 0G
Feb  4 13:59:08 cu-cs-vm kernel: [    0.000000]  gran_size: 256M 	chunk_size: 512M 	num_reg: 8  	lose cover RAM: 0G
Feb  4 13:59:08 cu-cs-vm kernel: [    0.000000]  gran_size: 256M 	chunk_size: 1G 	num_reg: 8  	lose cover RAM: 0G
Feb  4 13:59:08 cu-cs-vm kernel: [    0.000000]  gran_size: 256M 	chunk_size: 2G 	num_reg: 8  	lose cover RAM: 0G
Feb  4 13:59:08 cu-cs-vm kernel: [    0.000000]  gran_size: 512M 	chunk_size: 512M 	num_reg: 8  	lose cover RAM: 0G
Feb  4 13:59:08 cu-cs-vm kernel: [    0.000000]  gran_size: 512M 	chunk_size: 1G 	num_reg: 8  	lose cover RAM: 0G
Feb  4 13:59:08 cu-cs-vm kernel: [    0.000000]  gran_size: 512M 	chunk_size: 2G 	num_reg: 8  	lose cover RAM: 0G
Feb  4 13:59:08 cu-cs-vm kernel: [    0.000000]  gran_size: 1G 	chunk_size: 1G 	num_reg: 8  	lose cover RAM: 0G
Feb  4 13:59:08 cu-cs-vm kernel: [    0.000000]  gran_size: 1G 	chunk_size: 2G 	num_reg: 8  	lose cover RAM: 0G
Feb  4 13:59:08 cu-cs-vm kernel: [    0.000000]  gran_size: 2G 	chunk_size: 2G 	num_reg: 7  	lose cover RAM: 1G
Feb  4 13:59:08 cu-cs-vm kernel: [    0.000000] mtrr_cleanup: can not find optimal value
Feb  4 13:59:08 cu-cs-vm kernel: [    0.000000] please specify mtrr_gran_size/mtrr_chunk_size
Feb  4 13:59:08 cu-cs-vm kernel: [    0.000000] e820: update [mem 0xc0000000-0xffffffff] usable ==> reserved
Feb  4 13:59:08 cu-cs-vm kernel: [    0.000000] x2apic: enabled by BIOS, switching to x2apic ops
Feb  4 13:59:08 cu-cs-vm kernel: [    0.000000] e820: last_pfn = 0xc0000 max_arch_pfn = 0x400000000
Feb  4 13:59:08 cu-cs-vm kernel: [    0.000000] found SMP MP-table at [mem 0x000f6a80-0x000f6a8f] mapped at [ffff9b3b800f6a80]
Feb  4 13:59:08 cu-cs-vm kernel: [    0.000000] Scanning 1 areas for low memory corruption
Feb  4 13:59:08 cu-cs-vm kernel: [    0.000000] Base memory trampoline at [ffff9b3b80098000] 98000 size 24576
Feb  4 13:59:08 cu-cs-vm kernel: [    0.000000] Using GB pages for direct mapping
Feb  4 13:59:08 cu-cs-vm kernel: [    0.000000] BRK [0xa452b000, 0xa452bfff] PGTABLE
Feb  4 13:59:08 cu-cs-vm kernel: [    0.000000] BRK [0xa452c000, 0xa452cfff] PGTABLE
Feb  4 13:59:08 cu-cs-vm kernel: [    0.000000] BRK [0xa452d000, 0xa452dfff] PGTABLE
Feb  4 13:59:08 cu-cs-vm kernel: [    0.000000] BRK [0xa452e000, 0xa452efff] PGTABLE
Feb  4 13:59:08 cu-cs-vm kernel: [    0.000000] RAMDISK: [mem 0x23b2da000-0x23e1fffff]
Feb  4 13:59:08 cu-cs-vm kernel: [    0.000000] ACPI: Early table checksum verification disabled
Feb  4 13:59:08 cu-cs-vm kernel: [    0.000000] ACPI: RSDP 0x00000000000F6A10 000024 (v02 PTLTD )
Feb  4 13:59:08 cu-cs-vm kernel: [    0.000000] ACPI: XSDT 0x00000000BFEDD677 000054 (v01 INTEL  440BX    06040000 VMW  01324272)
Feb  4 13:59:08 cu-cs-vm kernel: [    0.000000] ACPI: FACP 0x00000000BFEFEE73 0000F4 (v04 INTEL  440BX    06040000 PTL  000F4240)
Feb  4 13:59:08 cu-cs-vm kernel: [    0.000000] ACPI: DSDT 0x00000000BFEDE9F5 02047E (v01 PTLTD  Custom   06040000 MSFT 03000001)
Feb  4 13:59:08 cu-cs-vm kernel: [    0.000000] ACPI: FACS 0x00000000BFEFFFC0 000040
Feb  4 13:59:08 cu-cs-vm kernel: [    0.000000] ACPI: FACS 0x00000000BFEFFFC0 000040
Feb  4 13:59:08 cu-cs-vm kernel: [    0.000000] ACPI: BOOT 0x00000000BFEDE9CD 000028 (v01 PTLTD  $SBFTBL$ 06040000  LTP 00000001)
Feb  4 13:59:08 cu-cs-vm kernel: [    0.000000] ACPI: APIC 0x00000000BFEDE28B 000742 (v01 PTLTD  ? APIC   06040000  LTP 00000000)
Feb  4 13:59:08 cu-cs-vm kernel: [    0.000000] ACPI: MCFG 0x00000000BFEDE24F 00003C (v01 PTLTD  $PCITBL$ 06040000  LTP 00000001)
Feb  4 13:59:08 cu-cs-vm kernel: [    0.000000] ACPI: SRAT 0x00000000BFEDD72F 0008D0 (v02 VMWARE MEMPLUG  06040000 VMW  00000001)
Feb  4 13:59:08 cu-cs-vm kernel: [    0.000000] ACPI: WAET 0x00000000BFEDD707 000028 (v01 VMWARE VMW WAET 06040000 VMW  00000001)
Feb  4 13:59:08 cu-cs-vm kernel: [    0.000000] ACPI: Local APIC address 0xfee00000
Feb  4 13:59:08 cu-cs-vm kernel: [    0.000000] System requires x2apic physical mode
Feb  4 13:59:08 cu-cs-vm kernel: [    0.000000] Setting APIC routing to physical x2apic.
Feb  4 13:59:08 cu-cs-vm kernel: [    0.000000] SRAT: PXM 0 -> APIC 0x00 -> Node 0
Feb  4 13:59:08 cu-cs-vm kernel: [    0.000000] SRAT: PXM 0 -> APIC 0x01 -> Node 0
Feb  4 13:59:08 cu-cs-vm kernel: [    0.000000] SRAT: PXM 0 -> APIC 0x02 -> Node 0
Feb  4 13:59:08 cu-cs-vm kernel: [    0.000000] SRAT: PXM 0 -> APIC 0x03 -> Node 0
Feb  4 13:59:08 cu-cs-vm kernel: [    0.000000] SRAT: PXM 0 -> APIC 0x04 -> Node 0
Feb  4 13:59:08 cu-cs-vm kernel: [    0.000000] SRAT: PXM 0 -> APIC 0x05 -> Node 0
Feb  4 13:59:08 cu-cs-vm kernel: [    0.000000] SRAT: PXM 0 -> APIC 0x06 -> Node 0
Feb  4 13:59:08 cu-cs-vm kernel: [    0.000000] SRAT: PXM 0 -> APIC 0x07 -> Node 0
Feb  4 13:59:08 cu-cs-vm kernel: [    0.000000] SRAT: PXM 0 -> APIC 0x08 -> Node 0
Feb  4 13:59:08 cu-cs-vm kernel: [    0.000000] SRAT: PXM 0 -> APIC 0x09 -> Node 0
Feb  4 13:59:08 cu-cs-vm kernel: [    0.000000] SRAT: PXM 0 -> APIC 0x0a -> Node 0
Feb  4 13:59:08 cu-cs-vm kernel: [    0.000000] SRAT: PXM 0 -> APIC 0x0b -> Node 0
Feb  4 13:59:08 cu-cs-vm kernel: [    0.000000] SRAT: PXM 0 -> APIC 0x0c -> Node 0
Feb  4 13:59:08 cu-cs-vm kernel: [    0.000000] SRAT: PXM 0 -> APIC 0x0d -> Node 0
Feb  4 13:59:08 cu-cs-vm kernel: [    0.000000] SRAT: PXM 0 -> APIC 0x0e -> Node 0
Feb  4 13:59:08 cu-cs-vm kernel: [    0.000000] SRAT: PXM 0 -> APIC 0x0f -> Node 0
Feb  4 13:59:08 cu-cs-vm kernel: [    0.000000] SRAT: PXM 0 -> APIC 0x10 -> Node 0
Feb  4 13:59:08 cu-cs-vm kernel: [    0.000000] SRAT: PXM 0 -> APIC 0x11 -> Node 0
Feb  4 13:59:08 cu-cs-vm kernel: [    0.000000] SRAT: PXM 0 -> APIC 0x12 -> Node 0
Feb  4 13:59:08 cu-cs-vm kernel: [    0.000000] SRAT: PXM 0 -> APIC 0x13 -> Node 0
Feb  4 13:59:08 cu-cs-vm kernel: [    0.000000] SRAT: PXM 0 -> APIC 0x14 -> Node 0
Feb  4 13:59:08 cu-cs-vm kernel: [    0.000000] SRAT: PXM 0 -> APIC 0x15 -> Node 0
Feb  4 13:59:08 cu-cs-vm kernel: [    0.000000] SRAT: PXM 0 -> APIC 0x16 -> Node 0
Feb  4 13:59:08 cu-cs-vm kernel: [    0.000000] SRAT: PXM 0 -> APIC 0x17 -> Node 0
Feb  4 13:59:08 cu-cs-vm kernel: [    0.000000] SRAT: PXM 0 -> APIC 0x18 -> Node 0
Feb  4 13:59:08 cu-cs-vm kernel: [    0.000000] SRAT: PXM 0 -> APIC 0x19 -> Node 0
Feb  4 13:59:08 cu-cs-vm kernel: [    0.000000] SRAT: PXM 0 -> APIC 0x1a -> Node 0
Feb  4 13:59:08 cu-cs-vm kernel: [    0.000000] SRAT: PXM 0 -> APIC 0x1b -> Node 0
Feb  4 13:59:08 cu-cs-vm kernel: [    0.000000] SRAT: PXM 0 -> APIC 0x1c -> Node 0
Feb  4 13:59:08 cu-cs-vm kernel: [    0.000000] SRAT: PXM 0 -> APIC 0x1d -> Node 0
Feb  4 13:59:08 cu-cs-vm kernel: [    0.000000] SRAT: PXM 0 -> APIC 0x1e -> Node 0
Feb  4 13:59:08 cu-cs-vm kernel: [    0.000000] SRAT: PXM 0 -> APIC 0x1f -> Node 0
Feb  4 13:59:08 cu-cs-vm kernel: [    0.000000] SRAT: PXM 0 -> APIC 0x20 -> Node 0
Feb  4 13:59:08 cu-cs-vm kernel: [    0.000000] SRAT: PXM 0 -> APIC 0x21 -> Node 0
Feb  4 13:59:08 cu-cs-vm kernel: [    0.000000] SRAT: PXM 0 -> APIC 0x22 -> Node 0
Feb  4 13:59:08 cu-cs-vm kernel: [    0.000000] SRAT: PXM 0 -> APIC 0x23 -> Node 0
Feb  4 13:59:08 cu-cs-vm kernel: [    0.000000] SRAT: PXM 0 -> APIC 0x24 -> Node 0
Feb  4 13:59:08 cu-cs-vm kernel: [    0.000000] SRAT: PXM 0 -> APIC 0x25 -> Node 0
Feb  4 13:59:08 cu-cs-vm kernel: [    0.000000] SRAT: PXM 0 -> APIC 0x26 -> Node 0
Feb  4 13:59:08 cu-cs-vm kernel: [    0.000000] SRAT: PXM 0 -> APIC 0x27 -> Node 0
Feb  4 13:59:08 cu-cs-vm kernel: [    0.000000] SRAT: PXM 0 -> APIC 0x28 -> Node 0
Feb  4 13:59:08 cu-cs-vm kernel: [    0.000000] SRAT: PXM 0 -> APIC 0x29 -> Node 0
Feb  4 13:59:08 cu-cs-vm kernel: [    0.000000] SRAT: PXM 0 -> APIC 0x2a -> Node 0
Feb  4 13:59:08 cu-cs-vm kernel: [    0.000000] SRAT: PXM 0 -> APIC 0x2b -> Node 0
Feb  4 13:59:08 cu-cs-vm kernel: [    0.000000] SRAT: PXM 0 -> APIC 0x2c -> Node 0
Feb  4 13:59:08 cu-cs-vm kernel: [    0.000000] SRAT: PXM 0 -> APIC 0x2d -> Node 0
Feb  4 13:59:08 cu-cs-vm kernel: [    0.000000] SRAT: PXM 0 -> APIC 0x2e -> Node 0
Feb  4 13:59:08 cu-cs-vm kernel: [    0.000000] SRAT: PXM 0 -> APIC 0x2f -> Node 0
Feb  4 13:59:08 cu-cs-vm kernel: [    0.000000] SRAT: PXM 0 -> APIC 0x30 -> Node 0
Feb  4 13:59:08 cu-cs-vm kernel: [    0.000000] SRAT: PXM 0 -> APIC 0x31 -> Node 0
Feb  4 13:59:08 cu-cs-vm kernel: [    0.000000] SRAT: PXM 0 -> APIC 0x32 -> Node 0
Feb  4 13:59:08 cu-cs-vm kernel: [    0.000000] SRAT: PXM 0 -> APIC 0x33 -> Node 0
Feb  4 13:59:08 cu-cs-vm kernel: [    0.000000] SRAT: PXM 0 -> APIC 0x34 -> Node 0
Feb  4 13:59:08 cu-cs-vm kernel: [    0.000000] SRAT: PXM 0 -> APIC 0x35 -> Node 0
Feb  4 13:59:08 cu-cs-vm kernel: [    0.000000] SRAT: PXM 0 -> APIC 0x36 -> Node 0
Feb  4 13:59:08 cu-cs-vm kernel: [    0.000000] SRAT: PXM 0 -> APIC 0x37 -> Node 0
Feb  4 13:59:08 cu-cs-vm kernel: [    0.000000] SRAT: PXM 0 -> APIC 0x38 -> Node 0
Feb  4 13:59:08 cu-cs-vm kernel: [    0.000000] SRAT: PXM 0 -> APIC 0x39 -> Node 0
Feb  4 13:59:08 cu-cs-vm kernel: [    0.000000] SRAT: PXM 0 -> APIC 0x3a -> Node 0
Feb  4 13:59:08 cu-cs-vm kernel: [    0.000000] SRAT: PXM 0 -> APIC 0x3b -> Node 0
Feb  4 13:59:08 cu-cs-vm kernel: [    0.000000] SRAT: PXM 0 -> APIC 0x3c -> Node 0
Feb  4 13:59:08 cu-cs-vm kernel: [    0.000000] SRAT: PXM 0 -> APIC 0x3d -> Node 0
Feb  4 13:59:08 cu-cs-vm kernel: [    0.000000] SRAT: PXM 0 -> APIC 0x3e -> Node 0
Feb  4 13:59:08 cu-cs-vm kernel: [    0.000000] SRAT: PXM 0 -> APIC 0x3f -> Node 0
Feb  4 13:59:08 cu-cs-vm kernel: [    0.000000] SRAT: PXM 0 -> APIC 0x40 -> Node 0
Feb  4 13:59:08 cu-cs-vm kernel: [    0.000000] SRAT: PXM 0 -> APIC 0x41 -> Node 0
Feb  4 13:59:08 cu-cs-vm kernel: [    0.000000] SRAT: PXM 0 -> APIC 0x42 -> Node 0
Feb  4 13:59:08 cu-cs-vm kernel: [    0.000000] SRAT: PXM 0 -> APIC 0x43 -> Node 0
Feb  4 13:59:08 cu-cs-vm kernel: [    0.000000] SRAT: PXM 0 -> APIC 0x44 -> Node 0
Feb  4 13:59:08 cu-cs-vm kernel: [    0.000000] SRAT: PXM 0 -> APIC 0x45 -> Node 0
Feb  4 13:59:08 cu-cs-vm kernel: [    0.000000] SRAT: PXM 0 -> APIC 0x46 -> Node 0
Feb  4 13:59:08 cu-cs-vm kernel: [    0.000000] SRAT: PXM 0 -> APIC 0x47 -> Node 0
Feb  4 13:59:08 cu-cs-vm kernel: [    0.000000] SRAT: PXM 0 -> APIC 0x48 -> Node 0
Feb  4 13:59:08 cu-cs-vm kernel: [    0.000000] SRAT: PXM 0 -> APIC 0x49 -> Node 0
Feb  4 13:59:08 cu-cs-vm kernel: [    0.000000] SRAT: PXM 0 -> APIC 0x4a -> Node 0
Feb  4 13:59:08 cu-cs-vm kernel: [    0.000000] SRAT: PXM 0 -> APIC 0x4b -> Node 0
Feb  4 13:59:08 cu-cs-vm kernel: [    0.000000] SRAT: PXM 0 -> APIC 0x4c -> Node 0
Feb  4 13:59:08 cu-cs-vm kernel: [    0.000000] SRAT: PXM 0 -> APIC 0x4d -> Node 0
Feb  4 13:59:08 cu-cs-vm kernel: [    0.000000] SRAT: PXM 0 -> APIC 0x4e -> Node 0
Feb  4 13:59:08 cu-cs-vm kernel: [    0.000000] SRAT: PXM 0 -> APIC 0x4f -> Node 0
Feb  4 13:59:08 cu-cs-vm kernel: [    0.000000] SRAT: PXM 0 -> APIC 0x50 -> Node 0
Feb  4 13:59:08 cu-cs-vm kernel: [    0.000000] SRAT: PXM 0 -> APIC 0x51 -> Node 0
Feb  4 13:59:08 cu-cs-vm kernel: [    0.000000] SRAT: PXM 0 -> APIC 0x52 -> Node 0
Feb  4 13:59:08 cu-cs-vm kernel: [    0.000000] SRAT: PXM 0 -> APIC 0x53 -> Node 0
Feb  4 13:59:08 cu-cs-vm kernel: [    0.000000] SRAT: PXM 0 -> APIC 0x54 -> Node 0
Feb  4 13:59:08 cu-cs-vm kernel: [    0.000000] SRAT: PXM 0 -> APIC 0x55 -> Node 0
Feb  4 13:59:08 cu-cs-vm kernel: [    0.000000] SRAT: PXM 0 -> APIC 0x56 -> Node 0
Feb  4 13:59:08 cu-cs-vm kernel: [    0.000000] SRAT: PXM 0 -> APIC 0x57 -> Node 0
Feb  4 13:59:08 cu-cs-vm kernel: [    0.000000] SRAT: PXM 0 -> APIC 0x58 -> Node 0
Feb  4 13:59:08 cu-cs-vm kernel: [    0.000000] SRAT: PXM 0 -> APIC 0x59 -> Node 0
Feb  4 13:59:08 cu-cs-vm kernel: [    0.000000] SRAT: PXM 0 -> APIC 0x5a -> Node 0
Feb  4 13:59:08 cu-cs-vm kernel: [    0.000000] SRAT: PXM 0 -> APIC 0x5b -> Node 0
Feb  4 13:59:08 cu-cs-vm kernel: [    0.000000] SRAT: PXM 0 -> APIC 0x5c -> Node 0
Feb  4 13:59:08 cu-cs-vm kernel: [    0.000000] SRAT: PXM 0 -> APIC 0x5d -> Node 0
Feb  4 13:59:08 cu-cs-vm kernel: [    0.000000] SRAT: PXM 0 -> APIC 0x5e -> Node 0
Feb  4 13:59:08 cu-cs-vm kernel: [    0.000000] SRAT: PXM 0 -> APIC 0x5f -> Node 0
Feb  4 13:59:08 cu-cs-vm kernel: [    0.000000] SRAT: PXM 0 -> APIC 0x60 -> Node 0
Feb  4 13:59:08 cu-cs-vm kernel: [    0.000000] SRAT: PXM 0 -> APIC 0x61 -> Node 0
Feb  4 13:59:08 cu-cs-vm kernel: [    0.000000] SRAT: PXM 0 -> APIC 0x62 -> Node 0
Feb  4 13:59:08 cu-cs-vm kernel: [    0.000000] SRAT: PXM 0 -> APIC 0x63 -> Node 0
Feb  4 13:59:08 cu-cs-vm kernel: [    0.000000] SRAT: PXM 0 -> APIC 0x64 -> Node 0
Feb  4 13:59:08 cu-cs-vm kernel: [    0.000000] SRAT: PXM 0 -> APIC 0x65 -> Node 0
Feb  4 13:59:08 cu-cs-vm kernel: [    0.000000] SRAT: PXM 0 -> APIC 0x66 -> Node 0
Feb  4 13:59:08 cu-cs-vm kernel: [    0.000000] SRAT: PXM 0 -> APIC 0x67 -> Node 0
Feb  4 13:59:08 cu-cs-vm kernel: [    0.000000] SRAT: PXM 0 -> APIC 0x68 -> Node 0
Feb  4 13:59:08 cu-cs-vm kernel: [    0.000000] SRAT: PXM 0 -> APIC 0x69 -> Node 0
Feb  4 13:59:08 cu-cs-vm kernel: [    0.000000] SRAT: PXM 0 -> APIC 0x6a -> Node 0
Feb  4 13:59:08 cu-cs-vm kernel: [    0.000000] SRAT: PXM 0 -> APIC 0x6b -> Node 0
Feb  4 13:59:08 cu-cs-vm kernel: [    0.000000] SRAT: PXM 0 -> APIC 0x6c -> Node 0
Feb  4 13:59:08 cu-cs-vm kernel: [    0.000000] SRAT: PXM 0 -> APIC 0x6d -> Node 0
Feb  4 13:59:08 cu-cs-vm kernel: [    0.000000] SRAT: PXM 0 -> APIC 0x6e -> Node 0
Feb  4 13:59:08 cu-cs-vm kernel: [    0.000000] SRAT: PXM 0 -> APIC 0x6f -> Node 0
Feb  4 13:59:08 cu-cs-vm kernel: [    0.000000] SRAT: PXM 0 -> APIC 0x70 -> Node 0
Feb  4 13:59:08 cu-cs-vm kernel: [    0.000000] SRAT: PXM 0 -> APIC 0x71 -> Node 0
Feb  4 13:59:08 cu-cs-vm kernel: [    0.000000] SRAT: PXM 0 -> APIC 0x72 -> Node 0
Feb  4 13:59:08 cu-cs-vm kernel: [    0.000000] SRAT: PXM 0 -> APIC 0x73 -> Node 0
Feb  4 13:59:08 cu-cs-vm kernel: [    0.000000] SRAT: PXM 0 -> APIC 0x74 -> Node 0
Feb  4 13:59:08 cu-cs-vm kernel: [    0.000000] SRAT: PXM 0 -> APIC 0x75 -> Node 0
Feb  4 13:59:08 cu-cs-vm kernel: [    0.000000] SRAT: PXM 0 -> APIC 0x76 -> Node 0
Feb  4 13:59:08 cu-cs-vm kernel: [    0.000000] SRAT: PXM 0 -> APIC 0x77 -> Node 0
Feb  4 13:59:08 cu-cs-vm kernel: [    0.000000] SRAT: PXM 0 -> APIC 0x78 -> Node 0
Feb  4 13:59:08 cu-cs-vm kernel: [    0.000000] SRAT: PXM 0 -> APIC 0x79 -> Node 0
Feb  4 13:59:08 cu-cs-vm kernel: [    0.000000] SRAT: PXM 0 -> APIC 0x7a -> Node 0
Feb  4 13:59:08 cu-cs-vm kernel: [    0.000000] SRAT: PXM 0 -> APIC 0x7b -> Node 0
Feb  4 13:59:08 cu-cs-vm kernel: [    0.000000] SRAT: PXM 0 -> APIC 0x7c -> Node 0
Feb  4 13:59:08 cu-cs-vm kernel: [    0.000000] SRAT: PXM 0 -> APIC 0x7d -> Node 0
Feb  4 13:59:08 cu-cs-vm kernel: [    0.000000] SRAT: PXM 0 -> APIC 0x7e -> Node 0
Feb  4 13:59:08 cu-cs-vm kernel: [    0.000000] SRAT: PXM 0 -> APIC 0x7f -> Node 0
Feb  4 13:59:08 cu-cs-vm kernel: [    0.000000] ACPI: SRAT: Node 0 PXM 0 [mem 0x00000000-0x0009ffff]
Feb  4 13:59:08 cu-cs-vm kernel: [    0.000000] ACPI: SRAT: Node 0 PXM 0 [mem 0x00100000-0xbfffffff]
Feb  4 13:59:08 cu-cs-vm kernel: [    0.000000] ACPI: SRAT: Node 0 PXM 0 [mem 0x100000000-0x23fffffff]
Feb  4 13:59:08 cu-cs-vm kernel: [    0.000000] ACPI: SRAT: Node 0 PXM 0 [mem 0x240000000-0x203fffffff] hotplug
Feb  4 13:59:08 cu-cs-vm kernel: [    0.000000] NUMA: Node 0 [mem 0x00000000-0x0009ffff] + [mem 0x00100000-0xbfffffff] -> [mem 0x00000000-0xbfffffff]
Feb  4 13:59:08 cu-cs-vm kernel: [    0.000000] NUMA: Node 0 [mem 0x00000000-0xbfffffff] + [mem 0x100000000-0x23fffffff] -> [mem 0x00000000-0x23fffffff]
Feb  4 13:59:08 cu-cs-vm kernel: [    0.000000] NODE_DATA(0) allocated [mem 0x23ffd3000-0x23fffdfff]
Feb  4 13:59:08 cu-cs-vm kernel: [    0.000000] Reserving 256MB of memory at 640MB for crashkernel (System RAM: 8191MB)
Feb  4 13:59:08 cu-cs-vm kernel: [    0.000000] Zone ranges:
Feb  4 13:59:08 cu-cs-vm kernel: [    0.000000]   DMA      [mem 0x0000000000001000-0x0000000000ffffff]
Feb  4 13:59:08 cu-cs-vm kernel: [    0.000000]   DMA32    [mem 0x0000000001000000-0x00000000ffffffff]
Feb  4 13:59:08 cu-cs-vm kernel: [    0.000000]   Normal   [mem 0x0000000100000000-0x000000023fffffff]
Feb  4 13:59:08 cu-cs-vm kernel: [    0.000000]   Device   empty
Feb  4 13:59:08 cu-cs-vm kernel: [    0.000000] Movable zone start for each node
Feb  4 13:59:08 cu-cs-vm kernel: [    0.000000] Early memory node ranges
Feb  4 13:59:08 cu-cs-vm kernel: [    0.000000]   node   0: [mem 0x0000000000001000-0x000000000009dfff]
Feb  4 13:59:08 cu-cs-vm kernel: [    0.000000]   node   0: [mem 0x0000000000100000-0x00000000bfecffff]
Feb  4 13:59:08 cu-cs-vm kernel: [    0.000000]   node   0: [mem 0x00000000bff00000-0x00000000bfffffff]
Feb  4 13:59:08 cu-cs-vm kernel: [    0.000000]   node   0: [mem 0x0000000100000000-0x000000023fffffff]
Feb  4 13:59:08 cu-cs-vm kernel: [    0.000000] Initmem setup node 0 [mem 0x0000000000001000-0x000000023fffffff]
Feb  4 13:59:08 cu-cs-vm kernel: [    0.000000] On node 0 totalpages: 2097005
Feb  4 13:59:08 cu-cs-vm kernel: [    0.000000]   DMA zone: 64 pages used for memmap
Feb  4 13:59:08 cu-cs-vm kernel: [    0.000000]   DMA zone: 21 pages reserved
Feb  4 13:59:08 cu-cs-vm kernel: [    0.000000]   DMA zone: 3997 pages, LIFO batch:0
Feb  4 13:59:08 cu-cs-vm kernel: [    0.000000]   DMA32 zone: 12224 pages used for memmap
Feb  4 13:59:08 cu-cs-vm kernel: [    0.000000]   DMA32 zone: 782288 pages, LIFO batch:31
Feb  4 13:59:08 cu-cs-vm kernel: [    0.000000]   Normal zone: 20480 pages used for memmap
Feb  4 13:59:08 cu-cs-vm kernel: [    0.000000]   Normal zone: 1310720 pages, LIFO batch:31
Feb  4 13:59:08 cu-cs-vm kernel: [    0.000000] ACPI: PM-Timer IO Port: 0x1008
Feb  4 13:59:08 cu-cs-vm kernel: [    0.000000] ACPI: Local APIC address 0xfee00000
Feb  4 13:59:08 cu-cs-vm kernel: [    0.000000] System requires x2apic physical mode
Feb  4 13:59:08 cu-cs-vm kernel: [    0.000000] ACPI: LAPIC_NMI (acpi_id[0x00] high edge lint[0x1])
Feb  4 13:59:08 cu-cs-vm kernel: [    0.000000] ACPI: LAPIC_NMI (acpi_id[0x01] high edge lint[0x1])
Feb  4 13:59:08 cu-cs-vm kernel: [    0.000000] ACPI: LAPIC_NMI (acpi_id[0x02] high edge lint[0x1])
Feb  4 13:59:08 cu-cs-vm kernel: [    0.000000] ACPI: LAPIC_NMI (acpi_id[0x03] high edge lint[0x1])
Feb  4 13:59:08 cu-cs-vm kernel: [    0.000000] ACPI: LAPIC_NMI (acpi_id[0x04] high edge lint[0x1])
Feb  4 13:59:08 cu-cs-vm kernel: [    0.000000] ACPI: LAPIC_NMI (acpi_id[0x05] high edge lint[0x1])
Feb  4 13:59:08 cu-cs-vm kernel: [    0.000000] ACPI: LAPIC_NMI (acpi_id[0x06] high edge lint[0x1])
Feb  4 13:59:08 cu-cs-vm kernel: [    0.000000] ACPI: LAPIC_NMI (acpi_id[0x07] high edge lint[0x1])
Feb  4 13:59:08 cu-cs-vm kernel: [    0.000000] ACPI: LAPIC_NMI (acpi_id[0x08] high edge lint[0x1])
Feb  4 13:59:08 cu-cs-vm kernel: [    0.000000] ACPI: LAPIC_NMI (acpi_id[0x09] high edge lint[0x1])
Feb  4 13:59:08 cu-cs-vm kernel: [    0.000000] ACPI: LAPIC_NMI (acpi_id[0x0a] high edge lint[0x1])
Feb  4 13:59:08 cu-cs-vm kernel: [    0.000000] ACPI: LAPIC_NMI (acpi_id[0x0b] high edge lint[0x1])
Feb  4 13:59:08 cu-cs-vm kernel: [    0.000000] ACPI: LAPIC_NMI (acpi_id[0x0c] high edge lint[0x1])
Feb  4 13:59:08 cu-cs-vm kernel: [    0.000000] ACPI: LAPIC_NMI (acpi_id[0x0d] high edge lint[0x1])
Feb  4 13:59:08 cu-cs-vm kernel: [    0.000000] ACPI: LAPIC_NMI (acpi_id[0x0e] high edge lint[0x1])
Feb  4 13:59:08 cu-cs-vm kernel: [    0.000000] ACPI: LAPIC_NMI (acpi_id[0x0f] high edge lint[0x1])
Feb  4 13:59:08 cu-cs-vm kernel: [    0.000000] ACPI: LAPIC_NMI (acpi_id[0x10] high edge lint[0x1])
Feb  4 13:59:08 cu-cs-vm kernel: [    0.000000] ACPI: LAPIC_NMI (acpi_id[0x11] high edge lint[0x1])
Feb  4 13:59:08 cu-cs-vm kernel: [    0.000000] ACPI: LAPIC_NMI (acpi_id[0x12] high edge lint[0x1])
Feb  4 13:59:08 cu-cs-vm kernel: [    0.000000] ACPI: LAPIC_NMI (acpi_id[0x13] high edge lint[0x1])
Feb  4 13:59:08 cu-cs-vm kernel: [    0.000000] ACPI: LAPIC_NMI (acpi_id[0x14] high edge lint[0x1])
Feb  4 13:59:08 cu-cs-vm kernel: [    0.000000] ACPI: LAPIC_NMI (acpi_id[0x15] high edge lint[0x1])
Feb  4 13:59:08 cu-cs-vm kernel: [    0.000000] ACPI: LAPIC_NMI (acpi_id[0x16] high edge lint[0x1])
Feb  4 13:59:08 cu-cs-vm kernel: [    0.000000] ACPI: LAPIC_NMI (acpi_id[0x17] high edge lint[0x1])
Feb  4 13:59:08 cu-cs-vm kernel: [    0.000000] ACPI: LAPIC_NMI (acpi_id[0x18] high edge lint[0x1])
Feb  4 13:59:08 cu-cs-vm kernel: [    0.000000] ACPI: LAPIC_NMI (acpi_id[0x19] high edge lint[0x1])
Feb  4 13:59:08 cu-cs-vm kernel: [    0.000000] ACPI: LAPIC_NMI (acpi_id[0x1a] high edge lint[0x1])
Feb  4 13:59:08 cu-cs-vm kernel: [    0.000000] ACPI: LAPIC_NMI (acpi_id[0x1b] high edge lint[0x1])
Feb  4 13:59:08 cu-cs-vm kernel: [    0.000000] ACPI: LAPIC_NMI (acpi_id[0x1c] high edge lint[0x1])
Feb  4 13:59:08 cu-cs-vm kernel: [    0.000000] ACPI: LAPIC_NMI (acpi_id[0x1d] high edge lint[0x1])
Feb  4 13:59:08 cu-cs-vm kernel: [    0.000000] ACPI: LAPIC_NMI (acpi_id[0x1e] high edge lint[0x1])
Feb  4 13:59:08 cu-cs-vm kernel: [    0.000000] ACPI: LAPIC_NMI (acpi_id[0x1f] high edge lint[0x1])
Feb  4 13:59:08 cu-cs-vm kernel: [    0.000000] ACPI: LAPIC_NMI (acpi_id[0x20] high edge lint[0x1])
Feb  4 13:59:08 cu-cs-vm kernel: [    0.000000] ACPI: LAPIC_NMI (acpi_id[0x21] high edge lint[0x1])
Feb  4 13:59:08 cu-cs-vm kernel: [    0.000000] ACPI: LAPIC_NMI (acpi_id[0x22] high edge lint[0x1])
Feb  4 13:59:08 cu-cs-vm kernel: [    0.000000] ACPI: LAPIC_NMI (acpi_id[0x23] high edge lint[0x1])
Feb  4 13:59:08 cu-cs-vm kernel: [    0.000000] ACPI: LAPIC_NMI (acpi_id[0x24] high edge lint[0x1])
Feb  4 13:59:08 cu-cs-vm kernel: [    0.000000] ACPI: LAPIC_NMI (acpi_id[0x25] high edge lint[0x1])
Feb  4 13:59:08 cu-cs-vm kernel: [    0.000000] ACPI: LAPIC_NMI (acpi_id[0x26] high edge lint[0x1])
Feb  4 13:59:08 cu-cs-vm kernel: [    0.000000] ACPI: LAPIC_NMI (acpi_id[0x27] high edge lint[0x1])
Feb  4 13:59:08 cu-cs-vm kernel: [    0.000000] ACPI: LAPIC_NMI (acpi_id[0x28] high edge lint[0x1])
Feb  4 13:59:08 cu-cs-vm kernel: [    0.000000] ACPI: LAPIC_NMI (acpi_id[0x29] high edge lint[0x1])
Feb  4 13:59:08 cu-cs-vm kernel: [    0.000000] ACPI: LAPIC_NMI (acpi_id[0x2a] high edge lint[0x1])
Feb  4 13:59:08 cu-cs-vm kernel: [    0.000000] ACPI: LAPIC_NMI (acpi_id[0x2b] high edge lint[0x1])
Feb  4 13:59:08 cu-cs-vm kernel: [    0.000000] ACPI: LAPIC_NMI (acpi_id[0x2c] high edge lint[0x1])
Feb  4 13:59:08 cu-cs-vm kernel: [    0.000000] ACPI: LAPIC_NMI (acpi_id[0x2d] high edge lint[0x1])
Feb  4 13:59:08 cu-cs-vm kernel: [    0.000000] ACPI: LAPIC_NMI (acpi_id[0x2e] high edge lint[0x1])
Feb  4 13:59:08 cu-cs-vm kernel: [    0.000000] ACPI: LAPIC_NMI (acpi_id[0x2f] high edge lint[0x1])
Feb  4 13:59:08 cu-cs-vm kernel: [    0.000000] ACPI: LAPIC_NMI (acpi_id[0x30] high edge lint[0x1])
Feb  4 13:59:08 cu-cs-vm kernel: [    0.000000] ACPI: LAPIC_NMI (acpi_id[0x31] high edge lint[0x1])
Feb  4 13:59:08 cu-cs-vm kernel: [    0.000000] ACPI: LAPIC_NMI (acpi_id[0x32] high edge lint[0x1])
Feb  4 13:59:08 cu-cs-vm kernel: [    0.000000] ACPI: LAPIC_NMI (acpi_id[0x33] high edge lint[0x1])
Feb  4 13:59:08 cu-cs-vm kernel: [    0.000000] ACPI: LAPIC_NMI (acpi_id[0x34] high edge lint[0x1])
Feb  4 13:59:08 cu-cs-vm kernel: [    0.000000] ACPI: LAPIC_NMI (acpi_id[0x35] high edge lint[0x1])
Feb  4 13:59:08 cu-cs-vm kernel: [    0.000000] ACPI: LAPIC_NMI (acpi_id[0x36] high edge lint[0x1])
Feb  4 13:59:08 cu-cs-vm kernel: [    0.000000] ACPI: LAPIC_NMI (acpi_id[0x37] high edge lint[0x1])
Feb  4 13:59:08 cu-cs-vm kernel: [    0.000000] ACPI: LAPIC_NMI (acpi_id[0x38] high edge lint[0x1])
Feb  4 13:59:08 cu-cs-vm kernel: [    0.000000] ACPI: LAPIC_NMI (acpi_id[0x39] high edge lint[0x1])
Feb  4 13:59:08 cu-cs-vm kernel: [    0.000000] ACPI: LAPIC_NMI (acpi_id[0x3a] high edge lint[0x1])
Feb  4 13:59:08 cu-cs-vm kernel: [    0.000000] ACPI: LAPIC_NMI (acpi_id[0x3b] high edge lint[0x1])
Feb  4 13:59:08 cu-cs-vm kernel: [    0.000000] ACPI: LAPIC_NMI (acpi_id[0x3c] high edge lint[0x1])
Feb  4 13:59:08 cu-cs-vm kernel: [    0.000000] ACPI: LAPIC_NMI (acpi_id[0x3d] high edge lint[0x1])
Feb  4 13:59:08 cu-cs-vm kernel: [    0.000000] ACPI: LAPIC_NMI (acpi_id[0x3e] high edge lint[0x1])
Feb  4 13:59:08 cu-cs-vm kernel: [    0.000000] ACPI: LAPIC_NMI (acpi_id[0x3f] high edge lint[0x1])
Feb  4 13:59:08 cu-cs-vm kernel: [    0.000000] ACPI: LAPIC_NMI (acpi_id[0x40] high edge lint[0x1])
Feb  4 13:59:08 cu-cs-vm kernel: [    0.000000] ACPI: LAPIC_NMI (acpi_id[0x41] high edge lint[0x1])
Feb  4 13:59:08 cu-cs-vm kernel: [    0.000000] ACPI: LAPIC_NMI (acpi_id[0x42] high edge lint[0x1])
Feb  4 13:59:08 cu-cs-vm kernel: [    0.000000] ACPI: LAPIC_NMI (acpi_id[0x43] high edge lint[0x1])
Feb  4 13:59:08 cu-cs-vm kernel: [    0.000000] ACPI: LAPIC_NMI (acpi_id[0x44] high edge lint[0x1])
Feb  4 13:59:08 cu-cs-vm kernel: [    0.000000] ACPI: LAPIC_NMI (acpi_id[0x45] high edge lint[0x1])
Feb  4 13:59:08 cu-cs-vm kernel: [    0.000000] ACPI: LAPIC_NMI (acpi_id[0x46] high edge lint[0x1])
Feb  4 13:59:08 cu-cs-vm kernel: [    0.000000] ACPI: LAPIC_NMI (acpi_id[0x47] high edge lint[0x1])
Feb  4 13:59:08 cu-cs-vm kernel: [    0.000000] ACPI: LAPIC_NMI (acpi_id[0x48] high edge lint[0x1])
Feb  4 13:59:08 cu-cs-vm kernel: [    0.000000] ACPI: LAPIC_NMI (acpi_id[0x49] high edge lint[0x1])
Feb  4 13:59:08 cu-cs-vm kernel: [    0.000000] ACPI: LAPIC_NMI (acpi_id[0x4a] high edge lint[0x1])
Feb  4 13:59:08 cu-cs-vm kernel: [    0.000000] ACPI: LAPIC_NMI (acpi_id[0x4b] high edge lint[0x1])
Feb  4 13:59:08 cu-cs-vm kernel: [    0.000000] ACPI: LAPIC_NMI (acpi_id[0x4c] high edge lint[0x1])
Feb  4 13:59:08 cu-cs-vm kernel: [    0.000000] ACPI: LAPIC_NMI (acpi_id[0x4d] high edge lint[0x1])
Feb  4 13:59:08 cu-cs-vm kernel: [    0.000000] ACPI: LAPIC_NMI (acpi_id[0x4e] high edge lint[0x1])
Feb  4 13:59:08 cu-cs-vm kernel: [    0.000000] ACPI: LAPIC_NMI (acpi_id[0x4f] high edge lint[0x1])
Feb  4 13:59:08 cu-cs-vm kernel: [    0.000000] ACPI: LAPIC_NMI (acpi_id[0x50] high edge lint[0x1])
Feb  4 13:59:08 cu-cs-vm kernel: [    0.000000] ACPI: LAPIC_NMI (acpi_id[0x51] high edge lint[0x1])
Feb  4 13:59:08 cu-cs-vm kernel: [    0.000000] ACPI: LAPIC_NMI (acpi_id[0x52] high edge lint[0x1])
Feb  4 13:59:08 cu-cs-vm kernel: [    0.000000] ACPI: LAPIC_NMI (acpi_id[0x53] high edge lint[0x1])
Feb  4 13:59:08 cu-cs-vm kernel: [    0.000000] ACPI: LAPIC_NMI (acpi_id[0x54] high edge lint[0x1])
Feb  4 13:59:08 cu-cs-vm kernel: [    0.000000] ACPI: LAPIC_NMI (acpi_id[0x55] high edge lint[0x1])
Feb  4 13:59:08 cu-cs-vm kernel: [    0.000000] ACPI: LAPIC_NMI (acpi_id[0x56] high edge lint[0x1])
Feb  4 13:59:08 cu-cs-vm kernel: [    0.000000] ACPI: LAPIC_NMI (acpi_id[0x57] high edge lint[0x1])
Feb  4 13:59:08 cu-cs-vm kernel: [    0.000000] ACPI: LAPIC_NMI (acpi_id[0x58] high edge lint[0x1])
Feb  4 13:59:08 cu-cs-vm kernel: [    0.000000] ACPI: LAPIC_NMI (acpi_id[0x59] high edge lint[0x1])
Feb  4 13:59:08 cu-cs-vm kernel: [    0.000000] ACPI: LAPIC_NMI (acpi_id[0x5a] high edge lint[0x1])
Feb  4 13:59:08 cu-cs-vm kernel: [    0.000000] ACPI: LAPIC_NMI (acpi_id[0x5b] high edge lint[0x1])
Feb  4 13:59:08 cu-cs-vm kernel: [    0.000000] ACPI: LAPIC_NMI (acpi_id[0x5c] high edge lint[0x1])
Feb  4 13:59:08 cu-cs-vm kernel: [    0.000000] ACPI: LAPIC_NMI (acpi_id[0x5d] high edge lint[0x1])
Feb  4 13:59:08 cu-cs-vm kernel: [    0.000000] ACPI: LAPIC_NMI (acpi_id[0x5e] high edge lint[0x1])
Feb  4 13:59:08 cu-cs-vm kernel: [    0.000000] ACPI: LAPIC_NMI (acpi_id[0x5f] high edge lint[0x1])
Feb  4 13:59:08 cu-cs-vm kernel: [    0.000000] ACPI: LAPIC_NMI (acpi_id[0x60] high edge lint[0x1])
Feb  4 13:59:08 cu-cs-vm kernel: [    0.000000] ACPI: LAPIC_NMI (acpi_id[0x61] high edge lint[0x1])
Feb  4 13:59:08 cu-cs-vm kernel: [    0.000000] ACPI: LAPIC_NMI (acpi_id[0x62] high edge lint[0x1])
Feb  4 13:59:08 cu-cs-vm kernel: [    0.000000] ACPI: LAPIC_NMI (acpi_id[0x63] high edge lint[0x1])
Feb  4 13:59:08 cu-cs-vm kernel: [    0.000000] ACPI: LAPIC_NMI (acpi_id[0x64] high edge lint[0x1])
Feb  4 13:59:08 cu-cs-vm kernel: [    0.000000] ACPI: LAPIC_NMI (acpi_id[0x65] high edge lint[0x1])
Feb  4 13:59:08 cu-cs-vm kernel: [    0.000000] ACPI: LAPIC_NMI (acpi_id[0x66] high edge lint[0x1])
Feb  4 13:59:08 cu-cs-vm kernel: [    0.000000] ACPI: LAPIC_NMI (acpi_id[0x67] high edge lint[0x1])
Feb  4 13:59:08 cu-cs-vm kernel: [    0.000000] ACPI: LAPIC_NMI (acpi_id[0x68] high edge lint[0x1])
Feb  4 13:59:08 cu-cs-vm kernel: [    0.000000] ACPI: LAPIC_NMI (acpi_id[0x69] high edge lint[0x1])
Feb  4 13:59:08 cu-cs-vm kernel: [    0.000000] ACPI: LAPIC_NMI (acpi_id[0x6a] high edge lint[0x1])
Feb  4 13:59:08 cu-cs-vm kernel: [    0.000000] ACPI: LAPIC_NMI (acpi_id[0x6b] high edge lint[0x1])
Feb  4 13:59:08 cu-cs-vm kernel: [    0.000000] ACPI: LAPIC_NMI (acpi_id[0x6c] high edge lint[0x1])
Feb  4 13:59:08 cu-cs-vm kernel: [    0.000000] ACPI: LAPIC_NMI (acpi_id[0x6d] high edge lint[0x1])
Feb  4 13:59:08 cu-cs-vm kernel: [    0.000000] ACPI: LAPIC_NMI (acpi_id[0x6e] high edge lint[0x1])
Feb  4 13:59:08 cu-cs-vm kernel: [    0.000000] ACPI: LAPIC_NMI (acpi_id[0x6f] high edge lint[0x1])
Feb  4 13:59:08 cu-cs-vm kernel: [    0.000000] ACPI: LAPIC_NMI (acpi_id[0x70] high edge lint[0x1])
Feb  4 13:59:08 cu-cs-vm kernel: [    0.000000] ACPI: LAPIC_NMI (acpi_id[0x71] high edge lint[0x1])
Feb  4 13:59:08 cu-cs-vm kernel: [    0.000000] ACPI: LAPIC_NMI (acpi_id[0x72] high edge lint[0x1])
Feb  4 13:59:08 cu-cs-vm kernel: [    0.000000] ACPI: LAPIC_NMI (acpi_id[0x73] high edge lint[0x1])
Feb  4 13:59:08 cu-cs-vm kernel: [    0.000000] ACPI: LAPIC_NMI (acpi_id[0x74] high edge lint[0x1])
Feb  4 13:59:08 cu-cs-vm kernel: [    0.000000] ACPI: LAPIC_NMI (acpi_id[0x75] high edge lint[0x1])
Feb  4 13:59:08 cu-cs-vm kernel: [    0.000000] ACPI: LAPIC_NMI (acpi_id[0x76] high edge lint[0x1])
Feb  4 13:59:08 cu-cs-vm kernel: [    0.000000] ACPI: LAPIC_NMI (acpi_id[0x77] high edge lint[0x1])
Feb  4 13:59:08 cu-cs-vm kernel: [    0.000000] ACPI: LAPIC_NMI (acpi_id[0x78] high edge lint[0x1])
Feb  4 13:59:08 cu-cs-vm kernel: [    0.000000] ACPI: LAPIC_NMI (acpi_id[0x79] high edge lint[0x1])
Feb  4 13:59:08 cu-cs-vm kernel: [    0.000000] ACPI: LAPIC_NMI (acpi_id[0x7a] high edge lint[0x1])
Feb  4 13:59:08 cu-cs-vm kernel: [    0.000000] ACPI: LAPIC_NMI (acpi_id[0x7b] high edge lint[0x1])
Feb  4 13:59:08 cu-cs-vm kernel: [    0.000000] ACPI: LAPIC_NMI (acpi_id[0x7c] high edge lint[0x1])
Feb  4 13:59:08 cu-cs-vm kernel: [    0.000000] ACPI: LAPIC_NMI (acpi_id[0x7d] high edge lint[0x1])
Feb  4 13:59:08 cu-cs-vm kernel: [    0.000000] ACPI: LAPIC_NMI (acpi_id[0x7e] high edge lint[0x1])
Feb  4 13:59:08 cu-cs-vm kernel: [    0.000000] ACPI: LAPIC_NMI (acpi_id[0x7f] high edge lint[0x1])
Feb  4 13:59:08 cu-cs-vm kernel: [    0.000000] IOAPIC[0]: apic_id 128, version 17, address 0xfec00000, GSI 0-23
Feb  4 13:59:08 cu-cs-vm kernel: [    0.000000] ACPI: INT_SRC_OVR (bus 0 bus_irq 0 global_irq 2 high edge)
Feb  4 13:59:08 cu-cs-vm kernel: [    0.000000] ACPI: IRQ0 used by override.
Feb  4 13:59:08 cu-cs-vm kernel: [    0.000000] ACPI: IRQ9 used by override.
Feb  4 13:59:08 cu-cs-vm kernel: [    0.000000] Using ACPI (MADT) for SMP configuration information
Feb  4 13:59:08 cu-cs-vm kernel: [    0.000000] smpboot: Allowing 128 CPUs, 126 hotplug CPUs
Feb  4 13:59:08 cu-cs-vm kernel: [    0.000000] PM: Registered nosave memory: [mem 0x00000000-0x00000fff]
Feb  4 13:59:08 cu-cs-vm kernel: [    0.000000] PM: Registered nosave memory: [mem 0x0009e000-0x0009efff]
Feb  4 13:59:08 cu-cs-vm kernel: [    0.000000] PM: Registered nosave memory: [mem 0x0009f000-0x0009ffff]
Feb  4 13:59:08 cu-cs-vm kernel: [    0.000000] PM: Registered nosave memory: [mem 0x000a0000-0x000dbfff]
Feb  4 13:59:08 cu-cs-vm kernel: [    0.000000] PM: Registered nosave memory: [mem 0x000dc000-0x000fffff]
Feb  4 13:59:08 cu-cs-vm kernel: [    0.000000] PM: Registered nosave memory: [mem 0xbfed0000-0xbfefefff]
Feb  4 13:59:08 cu-cs-vm kernel: [    0.000000] PM: Registered nosave memory: [mem 0xbfeff000-0xbfefffff]
Feb  4 13:59:08 cu-cs-vm kernel: [    0.000000] PM: Registered nosave memory: [mem 0xc0000000-0xefffffff]
Feb  4 13:59:08 cu-cs-vm kernel: [    0.000000] PM: Registered nosave memory: [mem 0xf0000000-0xf7ffffff]
Feb  4 13:59:08 cu-cs-vm kernel: [    0.000000] PM: Registered nosave memory: [mem 0xf8000000-0xfebfffff]
Feb  4 13:59:08 cu-cs-vm kernel: [    0.000000] PM: Registered nosave memory: [mem 0xfec00000-0xfec0ffff]
Feb  4 13:59:08 cu-cs-vm kernel: [    0.000000] PM: Registered nosave memory: [mem 0xfec10000-0xfedfffff]
Feb  4 13:59:08 cu-cs-vm kernel: [    0.000000] PM: Registered nosave memory: [mem 0xfee00000-0xfee00fff]
Feb  4 13:59:08 cu-cs-vm kernel: [    0.000000] PM: Registered nosave memory: [mem 0xfee01000-0xfffdffff]
Feb  4 13:59:08 cu-cs-vm kernel: [    0.000000] PM: Registered nosave memory: [mem 0xfffe0000-0xffffffff]
Feb  4 13:59:08 cu-cs-vm kernel: [    0.000000] e820: [mem 0xc0000000-0xefffffff] available for PCI devices
Feb  4 13:59:08 cu-cs-vm kernel: [    0.000000] Booting paravirtualized kernel on VMware hypervisor
Feb  4 13:59:08 cu-cs-vm kernel: [    0.000000] clocksource: refined-jiffies: mask: 0xffffffff max_cycles: 0xffffffff, max_idle_ns: 7645519600211568 ns
Feb  4 13:59:08 cu-cs-vm kernel: [    0.000000] setup_percpu: NR_CPUS:8192 nr_cpumask_bits:128 nr_cpu_ids:128 nr_node_ids:1
Feb  4 13:59:08 cu-cs-vm kernel: [    0.000000] percpu: Embedded 45 pages/cpu @ffff9b3db1200000 s146520 r8192 d29608 u262144
Feb  4 13:59:08 cu-cs-vm kernel: [    0.000000] pcpu-alloc: s146520 r8192 d29608 u262144 alloc=1*2097152
Feb  4 13:59:08 cu-cs-vm kernel: [    0.000000] pcpu-alloc: [0] 000 001 002 003 004 005 006 007 
Feb  4 13:59:08 cu-cs-vm kernel: [    0.000000] pcpu-alloc: [0] 008 009 010 011 012 013 014 015 
Feb  4 13:59:08 cu-cs-vm kernel: [    0.000000] pcpu-alloc: [0] 016 017 018 019 020 021 022 023 
Feb  4 13:59:08 cu-cs-vm kernel: [    0.000000] pcpu-alloc: [0] 024 025 026 027 028 029 030 031 
Feb  4 13:59:08 cu-cs-vm kernel: [    0.000000] pcpu-alloc: [0] 032 033 034 035 036 037 038 039 
Feb  4 13:59:08 cu-cs-vm kernel: [    0.000000] pcpu-alloc: [0] 040 041 042 043 044 045 046 047 
Feb  4 13:59:08 cu-cs-vm kernel: [    0.000000] pcpu-alloc: [0] 048 049 050 051 052 053 054 055 
Feb  4 13:59:08 cu-cs-vm kernel: [    0.000000] pcpu-alloc: [0] 056 057 058 059 060 061 062 063 
Feb  4 13:59:08 cu-cs-vm kernel: [    0.000000] pcpu-alloc: [0] 064 065 066 067 068 069 070 071 
Feb  4 13:59:08 cu-cs-vm kernel: [    0.000000] pcpu-alloc: [0] 072 073 074 075 076 077 078 079 
Feb  4 13:59:08 cu-cs-vm kernel: [    0.000000] pcpu-alloc: [0] 080 081 082 083 084 085 086 087 
Feb  4 13:59:08 cu-cs-vm kernel: [    0.000000] pcpu-alloc: [0] 088 089 090 091 092 093 094 095 
Feb  4 13:59:08 cu-cs-vm kernel: [    0.000000] pcpu-alloc: [0] 096 097 098 099 100 101 102 103 
Feb  4 13:59:08 cu-cs-vm kernel: [    0.000000] pcpu-alloc: [0] 104 105 106 107 108 109 110 111 
Feb  4 13:59:08 cu-cs-vm kernel: [    0.000000] pcpu-alloc: [0] 112 113 114 115 116 117 118 119 
Feb  4 13:59:08 cu-cs-vm kernel: [    0.000000] pcpu-alloc: [0] 120 121 122 123 124 125 126 127 
Feb  4 13:59:08 cu-cs-vm kernel: [    0.000000] Built 1 zonelists in Node order, mobility grouping on.  Total pages: 2064216
Feb  4 13:59:08 cu-cs-vm kernel: [    0.000000] Policy zone: Normal
Feb  4 13:59:08 cu-cs-vm kernel: [    0.000000] Kernel command line: BOOT_IMAGE=/@/boot/vmlinuz-4.13.13first root=UUID=bb1213fd-aa15-420b-8d34-682b907abadc ro rootflags=subvol=@ crashkernel=384M-2G:128M,2G-:256M
Feb  4 13:59:08 cu-cs-vm kernel: [    0.000000] log_buf_len individual max cpu contribution: 4096 bytes
Feb  4 13:59:08 cu-cs-vm kernel: [    0.000000] log_buf_len total cpu_extra contributions: 520192 bytes
Feb  4 13:59:08 cu-cs-vm kernel: [    0.000000] log_buf_len min size: 262144 bytes
Feb  4 13:59:08 cu-cs-vm kernel: [    0.000000] log_buf_len: 1048576 bytes
Feb  4 13:59:08 cu-cs-vm kernel: [    0.000000] early log buf free: 224292(85%)
Feb  4 13:59:08 cu-cs-vm kernel: [    0.000000] PID hash table entries: 4096 (order: 3, 32768 bytes)
Feb  4 13:59:08 cu-cs-vm kernel: [    0.000000] Calgary: detecting Calgary via BIOS EBDA area
Feb  4 13:59:08 cu-cs-vm kernel: [    0.000000] Calgary: Unable to locate Rio Grande table in EBDA - bailing!
Feb  4 13:59:08 cu-cs-vm kernel: [    0.000000] Memory: 7830264K/8388020K available (12300K kernel code, 2481K rwdata, 4004K rodata, 2364K init, 2368K bss, 557756K reserved, 0K cma-reserved)
Feb  4 13:59:08 cu-cs-vm kernel: [    0.000000] SLUB: HWalign=64, Order=0-3, MinObjects=0, CPUs=128, Nodes=1
Feb  4 13:59:08 cu-cs-vm kernel: [    0.000000] Kernel/User page tables isolation: enabled
Feb  4 13:59:08 cu-cs-vm kernel: [    0.000000] ftrace: allocating 37823 entries in 148 pages
Feb  4 13:59:08 cu-cs-vm kernel: [    0.004000] Hierarchical RCU implementation.
Feb  4 13:59:08 cu-cs-vm kernel: [    0.004000] 	RCU restricting CPUs from NR_CPUS=8192 to nr_cpu_ids=128.
Feb  4 13:59:08 cu-cs-vm kernel: [    0.004000] 	Tasks RCU enabled.
Feb  4 13:59:08 cu-cs-vm kernel: [    0.004000] RCU: Adjusting geometry for rcu_fanout_leaf=16, nr_cpu_ids=128
Feb  4 13:59:08 cu-cs-vm kernel: [    0.004000] NR_IRQS: 524544, nr_irqs: 1448, preallocated irqs: 16
Feb  4 13:59:08 cu-cs-vm kernel: [    0.004000] Console: colour VGA+ 80x25
Feb  4 13:59:08 cu-cs-vm kernel: [    0.004000] console [tty0] enabled
Feb  4 13:59:08 cu-cs-vm kernel: [    0.004000] tsc: Detected 2592.004 MHz processor
Feb  4 13:59:08 cu-cs-vm kernel: [    0.004000] Calibrating delay loop (skipped) preset value.. 5184.00 BogoMIPS (lpj=10368016)
Feb  4 13:59:08 cu-cs-vm kernel: [    0.004000] pid_max: default: 131072 minimum: 1024
Feb  4 13:59:08 cu-cs-vm kernel: [    0.004000] ACPI: Core revision 20170531
Feb  4 13:59:08 cu-cs-vm kernel: [    0.004000] ACPI: 1 ACPI AML tables successfully acquired and loaded
Feb  4 13:59:08 cu-cs-vm kernel: [    0.004000] Security Framework initialized
Feb  4 13:59:08 cu-cs-vm kernel: [    0.004000] Yama: becoming mindful.
Feb  4 13:59:08 cu-cs-vm kernel: [    0.004000] AppArmor: AppArmor initialized
Feb  4 13:59:08 cu-cs-vm kernel: [    0.004000] Dentry cache hash table entries: 1048576 (order: 11, 8388608 bytes)
Feb  4 13:59:08 cu-cs-vm kernel: [    0.004000] Inode-cache hash table entries: 524288 (order: 10, 4194304 bytes)
Feb  4 13:59:08 cu-cs-vm kernel: [    0.004000] Mount-cache hash table entries: 16384 (order: 5, 131072 bytes)
Feb  4 13:59:08 cu-cs-vm kernel: [    0.004000] Mountpoint-cache hash table entries: 16384 (order: 5, 131072 bytes)
Feb  4 13:59:08 cu-cs-vm kernel: [    0.004000] Disabled fast string operations
Feb  4 13:59:08 cu-cs-vm kernel: [    0.004000] CPU: Physical Processor ID: 0
Feb  4 13:59:08 cu-cs-vm kernel: [    0.004000] CPU: Processor Core ID: 0
Feb  4 13:59:08 cu-cs-vm kernel: [    0.004000] ENERGY_PERF_BIAS: Set to 'normal', was 'performance'
Feb  4 13:59:08 cu-cs-vm kernel: [    0.004000] ENERGY_PERF_BIAS: View and update with x86_energy_perf_policy(8)
Feb  4 13:59:08 cu-cs-vm kernel: [    0.004000] FEATURE SPEC_CTRL Not Present
Feb  4 13:59:08 cu-cs-vm kernel: [    0.004000] mce: CPU supports 0 MCE banks
Feb  4 13:59:08 cu-cs-vm kernel: [    0.004000] Last level iTLB entries: 4KB 64, 2MB 8, 4MB 8
Feb  4 13:59:08 cu-cs-vm kernel: [    0.004000] Last level dTLB entries: 4KB 64, 2MB 0, 4MB 0, 1GB 4
Feb  4 13:59:08 cu-cs-vm kernel: [    0.004000] Freeing SMP alternatives memory: 36K
Feb  4 13:59:08 cu-cs-vm kernel: [    0.004000] smpboot: Max logical packages: 64
Feb  4 13:59:08 cu-cs-vm kernel: [    0.004000] ..TIMER: vector=0x30 apic1=0 pin1=2 apic2=-1 pin2=-1
Feb  4 13:59:08 cu-cs-vm kernel: [    0.004000] TSC deadline timer enabled
Feb  4 13:59:08 cu-cs-vm kernel: [    0.004000] smpboot: CPU0: Intel(R) Core(TM) i7-6500U CPU @ 2.50GHz (family: 0x6, model: 0x4e, stepping: 0x3)
Feb  4 13:59:08 cu-cs-vm kernel: [    0.004000] Performance Events: Skylake events, core PMU driver.
Feb  4 13:59:08 cu-cs-vm kernel: [    0.004000] core: CPUID marked event: 'cpu cycles' unavailable
Feb  4 13:59:08 cu-cs-vm kernel: [    0.004000] core: CPUID marked event: 'instructions' unavailable
Feb  4 13:59:08 cu-cs-vm kernel: [    0.004000] core: CPUID marked event: 'bus cycles' unavailable
Feb  4 13:59:08 cu-cs-vm kernel: [    0.004000] core: CPUID marked event: 'cache references' unavailable
Feb  4 13:59:08 cu-cs-vm kernel: [    0.004000] core: CPUID marked event: 'cache misses' unavailable
Feb  4 13:59:08 cu-cs-vm kernel: [    0.004000] core: CPUID marked event: 'branch instructions' unavailable
Feb  4 13:59:08 cu-cs-vm kernel: [    0.004000] core: CPUID marked event: 'branch misses' unavailable
Feb  4 13:59:08 cu-cs-vm kernel: [    0.004000] ... version:                1
Feb  4 13:59:08 cu-cs-vm kernel: [    0.004000] ... bit width:              48
Feb  4 13:59:08 cu-cs-vm kernel: [    0.004000] ... generic registers:      4
Feb  4 13:59:08 cu-cs-vm kernel: [    0.004000] ... value mask:             0000ffffffffffff
Feb  4 13:59:08 cu-cs-vm kernel: [    0.004000] ... max period:             000000007fffffff
Feb  4 13:59:08 cu-cs-vm kernel: [    0.004000] ... fixed-purpose events:   0
Feb  4 13:59:08 cu-cs-vm kernel: [    0.004000] ... event mask:             000000000000000f
Feb  4 13:59:08 cu-cs-vm kernel: [    0.004000] Hierarchical SRCU implementation.
Feb  4 13:59:08 cu-cs-vm kernel: [    0.004000] smp: Bringing up secondary CPUs ...
Feb  4 13:59:08 cu-cs-vm kernel: [    0.004000] x86: Booting SMP configuration:
Feb  4 13:59:08 cu-cs-vm kernel: [    0.004000] .... node  #0, CPUs:          #1
Feb  4 13:59:08 cu-cs-vm kernel: [    0.004000] Disabled fast string operations
Feb  4 13:59:08 cu-cs-vm kernel: [    0.004000] mce: CPU supports 0 MCE banks
Feb  4 13:59:08 cu-cs-vm kernel: [    0.004000] NMI watchdog: disabled (cpu0): hardware events not enabled
Feb  4 13:59:08 cu-cs-vm kernel: [    0.004000] NMI watchdog: Shutting down hard lockup detector on all cpus
Feb  4 13:59:08 cu-cs-vm kernel: [    0.004069] smp: Brought up 1 node, 2 CPUs
Feb  4 13:59:08 cu-cs-vm kernel: [    0.004075] smpboot: Total of 2 processors activated (10368.01 BogoMIPS)
Feb  4 13:59:08 cu-cs-vm kernel: [    0.004903] devtmpfs: initialized
Feb  4 13:59:08 cu-cs-vm kernel: [    0.004903] x86/mm: Memory block size: 128MB
Feb  4 13:59:08 cu-cs-vm kernel: [    0.004903] evm: security.selinux
Feb  4 13:59:08 cu-cs-vm kernel: [    0.004903] evm: security.SMACK64
Feb  4 13:59:08 cu-cs-vm kernel: [    0.004903] evm: security.SMACK64EXEC
Feb  4 13:59:08 cu-cs-vm kernel: [    0.004903] evm: security.SMACK64TRANSMUTE
Feb  4 13:59:08 cu-cs-vm kernel: [    0.004903] evm: security.SMACK64MMAP
Feb  4 13:59:08 cu-cs-vm kernel: [    0.004964] evm: security.ima
Feb  4 13:59:08 cu-cs-vm kernel: [    0.005036] evm: security.capability
Feb  4 13:59:08 cu-cs-vm kernel: [    0.005188] PM: Registering ACPI NVS region [mem 0xbfeff000-0xbfefffff] (4096 bytes)
Feb  4 13:59:08 cu-cs-vm kernel: [    0.005188] clocksource: jiffies: mask: 0xffffffff max_cycles: 0xffffffff, max_idle_ns: 7645041785100000 ns
Feb  4 13:59:08 cu-cs-vm kernel: [    0.005188] futex hash table entries: 32768 (order: 9, 2097152 bytes)
Feb  4 13:59:08 cu-cs-vm kernel: [    0.005299] pinctrl core: initialized pinctrl subsystem
Feb  4 13:59:08 cu-cs-vm kernel: [    0.008032] RTC time: 20:58:59, date: 02/04/18
Feb  4 13:59:08 cu-cs-vm kernel: [    0.009153] NET: Registered protocol family 16
Feb  4 13:59:08 cu-cs-vm kernel: [    0.009366] cpuidle: using governor ladder
Feb  4 13:59:08 cu-cs-vm kernel: [    0.009366] cpuidle: using governor menu
Feb  4 13:59:08 cu-cs-vm kernel: [    0.009366] PCCT header not found.
Feb  4 13:59:08 cu-cs-vm kernel: [    0.009366] Simple Boot Flag at 0x36 set to 0x80
Feb  4 13:59:08 cu-cs-vm kernel: [    0.009366] ACPI: bus type PCI registered
Feb  4 13:59:08 cu-cs-vm kernel: [    0.009366] acpiphp: ACPI Hot Plug PCI Controller Driver version: 0.5
Feb  4 13:59:08 cu-cs-vm kernel: [    0.009366] PCI: MMCONFIG for domain 0000 [bus 00-7f] at [mem 0xf0000000-0xf7ffffff] (base 0xf0000000)
Feb  4 13:59:08 cu-cs-vm kernel: [    0.009366] PCI: MMCONFIG at [mem 0xf0000000-0xf7ffffff] reserved in E820
Feb  4 13:59:08 cu-cs-vm kernel: [    0.009366] pmd_set_huge: Cannot satisfy [mem 0xf0000000-0xf0200000] with a huge-page mapping due to MTRR override.
Feb  4 13:59:08 cu-cs-vm kernel: [    0.009366] PCI: Using configuration type 1 for base access
Feb  4 13:59:08 cu-cs-vm kernel: [    0.012085] HugeTLB registered 1.00 GiB page size, pre-allocated 0 pages
Feb  4 13:59:08 cu-cs-vm kernel: [    0.012141] HugeTLB registered 2.00 MiB page size, pre-allocated 0 pages
Feb  4 13:59:08 cu-cs-vm kernel: [    0.012271] ACPI: Added _OSI(Module Device)
Feb  4 13:59:08 cu-cs-vm kernel: [    0.012466] ACPI: Added _OSI(Processor Device)
Feb  4 13:59:08 cu-cs-vm kernel: [    0.012603] ACPI: Added _OSI(3.0 _SCP Extensions)
Feb  4 13:59:08 cu-cs-vm kernel: [    0.012673] ACPI: Added _OSI(Processor Aggregator Device)
Feb  4 13:59:08 cu-cs-vm kernel: [    0.016017] ACPI: [Firmware Bug]: BIOS _OSI(Linux) query ignored
Feb  4 13:59:08 cu-cs-vm kernel: [    0.036721] ACPI: Interpreter enabled
Feb  4 13:59:08 cu-cs-vm kernel: [    0.036808] ACPI: (supports S0 S1 S4 S5)
Feb  4 13:59:08 cu-cs-vm kernel: [    0.036887] ACPI: Using IOAPIC for interrupt routing
Feb  4 13:59:08 cu-cs-vm kernel: [    0.037015] PCI: Using host bridge windows from ACPI; if necessary, use "pci=nocrs" and report a bug
Feb  4 13:59:08 cu-cs-vm kernel: [    0.038466] ACPI: Enabled 4 GPEs in block 00 to 0F
Feb  4 13:59:08 cu-cs-vm kernel: [    0.219132] ACPI: PCI Root Bridge [PCI0] (domain 0000 [bus 00-7f])
Feb  4 13:59:08 cu-cs-vm kernel: [    0.219219] acpi PNP0A03:00: _OSC: OS supports [ExtendedConfig ASPM ClockPM Segments MSI]
Feb  4 13:59:08 cu-cs-vm kernel: [    0.219487] acpi PNP0A03:00: _OSC: platform does not support [AER]
Feb  4 13:59:08 cu-cs-vm kernel: [    0.219699] acpi PNP0A03:00: _OSC: OS now controls [PCIeHotplug PME PCIeCapability]
Feb  4 13:59:08 cu-cs-vm kernel: [    0.221344] PCI host bridge to bus 0000:00
Feb  4 13:59:08 cu-cs-vm kernel: [    0.221410] pci_bus 0000:00: root bus resource [mem 0x000a0000-0x000bffff window]
Feb  4 13:59:08 cu-cs-vm kernel: [    0.221526] pci_bus 0000:00: root bus resource [mem 0x000cc000-0x000cffff window]
Feb  4 13:59:08 cu-cs-vm kernel: [    0.221648] pci_bus 0000:00: root bus resource [mem 0x000d0000-0x000d3fff window]
Feb  4 13:59:08 cu-cs-vm kernel: [    0.221778] pci_bus 0000:00: root bus resource [mem 0x000d4000-0x000d7fff window]
Feb  4 13:59:08 cu-cs-vm kernel: [    0.221955] pci_bus 0000:00: root bus resource [mem 0x000d8000-0x000dbfff window]
Feb  4 13:59:08 cu-cs-vm kernel: [    0.222083] pci_bus 0000:00: root bus resource [mem 0xc0000000-0xfebfffff window]
Feb  4 13:59:08 cu-cs-vm kernel: [    0.222212] pci_bus 0000:00: root bus resource [io  0x0000-0x0cf7 window]
Feb  4 13:59:08 cu-cs-vm kernel: [    0.222294] pci_bus 0000:00: root bus resource [io  0x0d00-0xfeff window]
Feb  4 13:59:08 cu-cs-vm kernel: [    0.222378] pci_bus 0000:00: root bus resource [bus 00-7f]
Feb  4 13:59:08 cu-cs-vm kernel: [    0.222501] pci 0000:00:00.0: [8086:7190] type 00 class 0x060000
Feb  4 13:59:08 cu-cs-vm kernel: [    0.223147] pci 0000:00:01.0: [8086:7191] type 01 class 0x060400
Feb  4 13:59:08 cu-cs-vm kernel: [    0.223597] pci 0000:00:07.0: [8086:7110] type 00 class 0x060100
Feb  4 13:59:08 cu-cs-vm kernel: [    0.224257] pci 0000:00:07.1: [8086:7111] type 00 class 0x01018a
Feb  4 13:59:08 cu-cs-vm kernel: [    0.226186] pci 0000:00:07.1: reg 0x20: [io  0x1060-0x106f]
Feb  4 13:59:08 cu-cs-vm kernel: [    0.226784] pci 0000:00:07.1: legacy IDE quirk: reg 0x10: [io  0x01f0-0x01f7]
Feb  4 13:59:08 cu-cs-vm kernel: [    0.226879] pci 0000:00:07.1: legacy IDE quirk: reg 0x14: [io  0x03f6]
Feb  4 13:59:08 cu-cs-vm kernel: [    0.226957] pci 0000:00:07.1: legacy IDE quirk: reg 0x18: [io  0x0170-0x0177]
Feb  4 13:59:08 cu-cs-vm kernel: [    0.227037] pci 0000:00:07.1: legacy IDE quirk: reg 0x1c: [io  0x0376]
Feb  4 13:59:08 cu-cs-vm kernel: [    0.227320] pci 0000:00:07.3: [8086:7113] type 00 class 0x068000
Feb  4 13:59:08 cu-cs-vm kernel: [    0.228935] pci 0000:00:07.3: quirk: [io  0x1000-0x103f] claimed by PIIX4 ACPI
Feb  4 13:59:08 cu-cs-vm kernel: [    0.229064] pci 0000:00:07.3: quirk: [io  0x1040-0x104f] claimed by PIIX4 SMB
Feb  4 13:59:08 cu-cs-vm kernel: [    0.229418] pci 0000:00:07.7: [15ad:0740] type 00 class 0x088000
Feb  4 13:59:08 cu-cs-vm kernel: [    0.230121] pci 0000:00:07.7: reg 0x10: [io  0x1080-0x10bf]
Feb  4 13:59:08 cu-cs-vm kernel: [    0.230747] pci 0000:00:07.7: reg 0x14: [mem 0xfebfe000-0xfebfffff 64bit]
Feb  4 13:59:08 cu-cs-vm kernel: [    0.233433] pci 0000:00:0f.0: [15ad:0405] type 00 class 0x030000
Feb  4 13:59:08 cu-cs-vm kernel: [    0.235580] pci 0000:00:0f.0: reg 0x10: [io  0x1070-0x107f]
Feb  4 13:59:08 cu-cs-vm kernel: [    0.236814] pci 0000:00:0f.0: reg 0x14: [mem 0xe8000000-0xefffffff pref]
Feb  4 13:59:08 cu-cs-vm kernel: [    0.238543] pci 0000:00:0f.0: reg 0x18: [mem 0xfe000000-0xfe7fffff]
Feb  4 13:59:08 cu-cs-vm kernel: [    0.244809] pci 0000:00:0f.0: reg 0x30: [mem 0x00000000-0x00007fff pref]
Feb  4 13:59:08 cu-cs-vm kernel: [    0.245253] pci 0000:00:11.0: [15ad:0790] type 01 class 0x060401
Feb  4 13:59:08 cu-cs-vm kernel: [    0.245928] pci 0000:00:15.0: [15ad:07a0] type 01 class 0x060400
Feb  4 13:59:08 cu-cs-vm kernel: [    0.246575] pci 0000:00:15.0: PME# supported from D0 D3hot D3cold
Feb  4 13:59:08 cu-cs-vm kernel: [    0.246859] pci 0000:00:15.1: [15ad:07a0] type 01 class 0x060400
Feb  4 13:59:08 cu-cs-vm kernel: [    0.247505] pci 0000:00:15.1: PME# supported from D0 D3hot D3cold
Feb  4 13:59:08 cu-cs-vm kernel: [    0.247765] pci 0000:00:15.2: [15ad:07a0] type 01 class 0x060400
Feb  4 13:59:08 cu-cs-vm kernel: [    0.248424] pci 0000:00:15.2: PME# supported from D0 D3hot D3cold
Feb  4 13:59:08 cu-cs-vm kernel: [    0.248701] pci 0000:00:15.3: [15ad:07a0] type 01 class 0x060400
Feb  4 13:59:08 cu-cs-vm kernel: [    0.249406] pci 0000:00:15.3: PME# supported from D0 D3hot D3cold
Feb  4 13:59:08 cu-cs-vm kernel: [    0.249810] pci 0000:00:15.4: [15ad:07a0] type 01 class 0x060400
Feb  4 13:59:08 cu-cs-vm kernel: [    0.250590] pci 0000:00:15.4: PME# supported from D0 D3hot D3cold
Feb  4 13:59:08 cu-cs-vm kernel: [    0.250878] pci 0000:00:15.5: [15ad:07a0] type 01 class 0x060400
Feb  4 13:59:08 cu-cs-vm kernel: [    0.251568] pci 0000:00:15.5: PME# supported from D0 D3hot D3cold
Feb  4 13:59:08 cu-cs-vm kernel: [    0.251848] pci 0000:00:15.6: [15ad:07a0] type 01 class 0x060400
Feb  4 13:59:08 cu-cs-vm kernel: [    0.252482] pci 0000:00:15.6: PME# supported from D0 D3hot D3cold
Feb  4 13:59:08 cu-cs-vm kernel: [    0.252743] pci 0000:00:15.7: [15ad:07a0] type 01 class 0x060400
Feb  4 13:59:08 cu-cs-vm kernel: [    0.253463] pci 0000:00:15.7: PME# supported from D0 D3hot D3cold
Feb  4 13:59:08 cu-cs-vm kernel: [    0.253723] pci 0000:00:16.0: [15ad:07a0] type 01 class 0x060400
Feb  4 13:59:08 cu-cs-vm kernel: [    0.254387] pci 0000:00:16.0: PME# supported from D0 D3hot D3cold
Feb  4 13:59:08 cu-cs-vm kernel: [    0.254647] pci 0000:00:16.1: [15ad:07a0] type 01 class 0x060400
Feb  4 13:59:08 cu-cs-vm kernel: [    0.255351] pci 0000:00:16.1: PME# supported from D0 D3hot D3cold
Feb  4 13:59:08 cu-cs-vm kernel: [    0.255629] pci 0000:00:16.2: [15ad:07a0] type 01 class 0x060400
Feb  4 13:59:08 cu-cs-vm kernel: [    0.256279] pci 0000:00:16.2: PME# supported from D0 D3hot D3cold
Feb  4 13:59:08 cu-cs-vm kernel: [    0.256596] pci 0000:00:16.3: [15ad:07a0] type 01 class 0x060400
Feb  4 13:59:08 cu-cs-vm kernel: [    0.257493] pci 0000:00:16.3: PME# supported from D0 D3hot D3cold
Feb  4 13:59:08 cu-cs-vm kernel: [    0.257932] pci 0000:00:16.4: [15ad:07a0] type 01 class 0x060400
Feb  4 13:59:08 cu-cs-vm kernel: [    0.258844] pci 0000:00:16.4: PME# supported from D0 D3hot D3cold
Feb  4 13:59:08 cu-cs-vm kernel: [    0.259252] pci 0000:00:16.5: [15ad:07a0] type 01 class 0x060400
Feb  4 13:59:08 cu-cs-vm kernel: [    0.260087] pci 0000:00:16.5: PME# supported from D0 D3hot D3cold
Feb  4 13:59:08 cu-cs-vm kernel: [    0.260474] pci 0000:00:16.6: [15ad:07a0] type 01 class 0x060400
Feb  4 13:59:08 cu-cs-vm kernel: [    0.261126] pci 0000:00:16.6: PME# supported from D0 D3hot D3cold
Feb  4 13:59:08 cu-cs-vm kernel: [    0.261425] pci 0000:00:16.7: [15ad:07a0] type 01 class 0x060400
Feb  4 13:59:08 cu-cs-vm kernel: [    0.262066] pci 0000:00:16.7: PME# supported from D0 D3hot D3cold
Feb  4 13:59:08 cu-cs-vm kernel: [    0.262351] pci 0000:00:17.0: [15ad:07a0] type 01 class 0x060400
Feb  4 13:59:08 cu-cs-vm kernel: [    0.263067] pci 0000:00:17.0: PME# supported from D0 D3hot D3cold
Feb  4 13:59:08 cu-cs-vm kernel: [    0.263400] pci 0000:00:17.1: [15ad:07a0] type 01 class 0x060400
Feb  4 13:59:08 cu-cs-vm kernel: [    0.264028] pci 0000:00:17.1: PME# supported from D0 D3hot D3cold
Feb  4 13:59:08 cu-cs-vm kernel: [    0.264321] pci 0000:00:17.2: [15ad:07a0] type 01 class 0x060400
Feb  4 13:59:08 cu-cs-vm kernel: [    0.264949] pci 0000:00:17.2: PME# supported from D0 D3hot D3cold
Feb  4 13:59:08 cu-cs-vm kernel: [    0.265208] pci 0000:00:17.3: [15ad:07a0] type 01 class 0x060400
Feb  4 13:59:08 cu-cs-vm kernel: [    0.266014] pci 0000:00:17.3: PME# supported from D0 D3hot D3cold
Feb  4 13:59:08 cu-cs-vm kernel: [    0.266392] pci 0000:00:17.4: [15ad:07a0] type 01 class 0x060400
Feb  4 13:59:08 cu-cs-vm kernel: [    0.267011] pci 0000:00:17.4: PME# supported from D0 D3hot D3cold
Feb  4 13:59:08 cu-cs-vm kernel: [    0.267279] pci 0000:00:17.5: [15ad:07a0] type 01 class 0x060400
Feb  4 13:59:08 cu-cs-vm kernel: [    0.267998] pci 0000:00:17.5: PME# supported from D0 D3hot D3cold
Feb  4 13:59:08 cu-cs-vm kernel: [    0.268336] pci 0000:00:17.6: [15ad:07a0] type 01 class 0x060400
Feb  4 13:59:08 cu-cs-vm kernel: [    0.268963] pci 0000:00:17.6: PME# supported from D0 D3hot D3cold
Feb  4 13:59:08 cu-cs-vm kernel: [    0.269225] pci 0000:00:17.7: [15ad:07a0] type 01 class 0x060400
Feb  4 13:59:08 cu-cs-vm kernel: [    0.269895] pci 0000:00:17.7: PME# supported from D0 D3hot D3cold
Feb  4 13:59:08 cu-cs-vm kernel: [    0.270156] pci 0000:00:18.0: [15ad:07a0] type 01 class 0x060400
Feb  4 13:59:08 cu-cs-vm kernel: [    0.270815] pci 0000:00:18.0: PME# supported from D0 D3hot D3cold
Feb  4 13:59:08 cu-cs-vm kernel: [    0.271075] pci 0000:00:18.1: [15ad:07a0] type 01 class 0x060400
Feb  4 13:59:08 cu-cs-vm kernel: [    0.271729] pci 0000:00:18.1: PME# supported from D0 D3hot D3cold
Feb  4 13:59:08 cu-cs-vm kernel: [    0.271988] pci 0000:00:18.2: [15ad:07a0] type 01 class 0x060400
Feb  4 13:59:08 cu-cs-vm kernel: [    0.272689] pci 0000:00:18.2: PME# supported from D0 D3hot D3cold
Feb  4 13:59:08 cu-cs-vm kernel: [    0.272950] pci 0000:00:18.3: [15ad:07a0] type 01 class 0x060400
Feb  4 13:59:08 cu-cs-vm kernel: [    0.273598] pci 0000:00:18.3: PME# supported from D0 D3hot D3cold
Feb  4 13:59:08 cu-cs-vm kernel: [    0.273857] pci 0000:00:18.4: [15ad:07a0] type 01 class 0x060400
Feb  4 13:59:08 cu-cs-vm kernel: [    0.274593] pci 0000:00:18.4: PME# supported from D0 D3hot D3cold
Feb  4 13:59:08 cu-cs-vm kernel: [    0.274884] pci 0000:00:18.5: [15ad:07a0] type 01 class 0x060400
Feb  4 13:59:08 cu-cs-vm kernel: [    0.275502] pci 0000:00:18.5: PME# supported from D0 D3hot D3cold
Feb  4 13:59:08 cu-cs-vm kernel: [    0.275762] pci 0000:00:18.6: [15ad:07a0] type 01 class 0x060400
Feb  4 13:59:08 cu-cs-vm kernel: [    0.276409] pci 0000:00:18.6: PME# supported from D0 D3hot D3cold
Feb  4 13:59:08 cu-cs-vm kernel: [    0.276702] pci 0000:00:18.7: [15ad:07a0] type 01 class 0x060400
Feb  4 13:59:08 cu-cs-vm kernel: [    0.277346] pci 0000:00:18.7: PME# supported from D0 D3hot D3cold
Feb  4 13:59:08 cu-cs-vm kernel: [    0.277922] pci 0000:00:01.0: PCI bridge to [bus 01]
Feb  4 13:59:08 cu-cs-vm kernel: [    0.278338] acpiphp: Slot [32] registered
Feb  4 13:59:08 cu-cs-vm kernel: [    0.278437] acpiphp: Slot [33] registered
Feb  4 13:59:08 cu-cs-vm kernel: [    0.278520] acpiphp: Slot [34] registered
Feb  4 13:59:08 cu-cs-vm kernel: [    0.278603] acpiphp: Slot [35] registered
Feb  4 13:59:08 cu-cs-vm kernel: [    0.278685] acpiphp: Slot [36] registered
Feb  4 13:59:08 cu-cs-vm kernel: [    0.278766] acpiphp: Slot [37] registered
Feb  4 13:59:08 cu-cs-vm kernel: [    0.278847] acpiphp: Slot [38] registered
Feb  4 13:59:08 cu-cs-vm kernel: [    0.278927] acpiphp: Slot [39] registered
Feb  4 13:59:08 cu-cs-vm kernel: [    0.279006] acpiphp: Slot [40] registered
Feb  4 13:59:08 cu-cs-vm kernel: [    0.279086] acpiphp: Slot [41] registered
Feb  4 13:59:08 cu-cs-vm kernel: [    0.279165] acpiphp: Slot [42] registered
Feb  4 13:59:08 cu-cs-vm kernel: [    0.279243] acpiphp: Slot [43] registered
Feb  4 13:59:08 cu-cs-vm kernel: [    0.279364] acpiphp: Slot [44] registered
Feb  4 13:59:08 cu-cs-vm kernel: [    0.279443] acpiphp: Slot [45] registered
Feb  4 13:59:08 cu-cs-vm kernel: [    0.279522] acpiphp: Slot [46] registered
Feb  4 13:59:08 cu-cs-vm kernel: [    0.279601] acpiphp: Slot [47] registered
Feb  4 13:59:08 cu-cs-vm kernel: [    0.279680] acpiphp: Slot [48] registered
Feb  4 13:59:08 cu-cs-vm kernel: [    0.279758] acpiphp: Slot [49] registered
Feb  4 13:59:08 cu-cs-vm kernel: [    0.279838] acpiphp: Slot [50] registered
Feb  4 13:59:08 cu-cs-vm kernel: [    0.279917] acpiphp: Slot [51] registered
Feb  4 13:59:08 cu-cs-vm kernel: [    0.279996] acpiphp: Slot [52] registered
Feb  4 13:59:08 cu-cs-vm kernel: [    0.280010] acpiphp: Slot [53] registered
Feb  4 13:59:08 cu-cs-vm kernel: [    0.280088] acpiphp: Slot [54] registered
Feb  4 13:59:08 cu-cs-vm kernel: [    0.280169] acpiphp: Slot [55] registered
Feb  4 13:59:08 cu-cs-vm kernel: [    0.280304] acpiphp: Slot [56] registered
Feb  4 13:59:08 cu-cs-vm kernel: [    0.280389] acpiphp: Slot [57] registered
Feb  4 13:59:08 cu-cs-vm kernel: [    0.280471] acpiphp: Slot [58] registered
Feb  4 13:59:08 cu-cs-vm kernel: [    0.280564] acpiphp: Slot [59] registered
Feb  4 13:59:08 cu-cs-vm kernel: [    0.280643] acpiphp: Slot [60] registered
Feb  4 13:59:08 cu-cs-vm kernel: [    0.280721] acpiphp: Slot [61] registered
Feb  4 13:59:08 cu-cs-vm kernel: [    0.280800] acpiphp: Slot [62] registered
Feb  4 13:59:08 cu-cs-vm kernel: [    0.281908] acpiphp: Slot [63] registered
Feb  4 13:59:08 cu-cs-vm kernel: [    0.282032] pci 0000:02:00.0: [15ad:0774] type 00 class 0x0c0300
Feb  4 13:59:08 cu-cs-vm kernel: [    0.283716] pci 0000:02:00.0: reg 0x20: [io  0x2080-0x209f]
Feb  4 13:59:08 cu-cs-vm kernel: [    0.284899] pci 0000:02:01.0: [8086:100f] type 00 class 0x020000
Feb  4 13:59:08 cu-cs-vm kernel: [    0.286347] pci 0000:02:01.0: reg 0x10: [mem 0xfd5c0000-0xfd5dffff 64bit]
Feb  4 13:59:08 cu-cs-vm kernel: [    0.287582] pci 0000:02:01.0: reg 0x18: [mem 0xfdff0000-0xfdffffff 64bit]
Feb  4 13:59:08 cu-cs-vm kernel: [    0.288622] pci 0000:02:01.0: reg 0x20: [io  0x2000-0x203f]
Feb  4 13:59:08 cu-cs-vm kernel: [    0.290623] pci 0000:02:01.0: reg 0x30: [mem 0x00000000-0x0000ffff pref]
Feb  4 13:59:08 cu-cs-vm kernel: [    0.290983] pci 0000:02:01.0: PME# supported from D0 D3hot D3cold
Feb  4 13:59:08 cu-cs-vm kernel: [    0.291274] pci 0000:02:02.0: [1274:1371] type 00 class 0x040100
Feb  4 13:59:08 cu-cs-vm kernel: [    0.291648] pci 0000:02:02.0: reg 0x10: [io  0x2040-0x207f]
Feb  4 13:59:08 cu-cs-vm kernel: [    0.293590] pci 0000:02:03.0: [15ad:0770] type 00 class 0x0c0320
Feb  4 13:59:08 cu-cs-vm kernel: [    0.294105] pci 0000:02:03.0: reg 0x10: [mem 0xfd5ef000-0xfd5effff]
Feb  4 13:59:08 cu-cs-vm kernel: [    0.297044] pci 0000:02:05.0: [15ad:07e0] type 00 class 0x010601
Feb  4 13:59:08 cu-cs-vm kernel: [    0.299660] pci 0000:02:05.0: reg 0x24: [mem 0xfd5ee000-0xfd5eefff]
Feb  4 13:59:08 cu-cs-vm kernel: [    0.300007] pci 0000:02:05.0: reg 0x30: [mem 0x00000000-0x0000ffff pref]
Feb  4 13:59:08 cu-cs-vm kernel: [    0.300362] pci 0000:02:05.0: PME# supported from D3hot
Feb  4 13:59:08 cu-cs-vm kernel: [    0.300757] pci 0000:00:11.0: PCI bridge to [bus 02] (subtractive decode)
Feb  4 13:59:08 cu-cs-vm kernel: [    0.300874] pci 0000:00:11.0:   bridge window [io  0x2000-0x3fff]
Feb  4 13:59:08 cu-cs-vm kernel: [    0.300892] pci 0000:00:11.0:   bridge window [mem 0xfd500000-0xfdffffff]
Feb  4 13:59:08 cu-cs-vm kernel: [    0.300927] pci 0000:00:11.0:   bridge window [mem 0xe7b00000-0xe7ffffff 64bit pref]
Feb  4 13:59:08 cu-cs-vm kernel: [    0.300929] pci 0000:00:11.0:   bridge window [mem 0x000a0000-0x000bffff window] (subtractive decode)
Feb  4 13:59:08 cu-cs-vm kernel: [    0.300930] pci 0000:00:11.0:   bridge window [mem 0x000cc000-0x000cffff window] (subtractive decode)
Feb  4 13:59:08 cu-cs-vm kernel: [    0.300930] pci 0000:00:11.0:   bridge window [mem 0x000d0000-0x000d3fff window] (subtractive decode)
Feb  4 13:59:08 cu-cs-vm kernel: [    0.300931] pci 0000:00:11.0:   bridge window [mem 0x000d4000-0x000d7fff window] (subtractive decode)
Feb  4 13:59:08 cu-cs-vm kernel: [    0.300932] pci 0000:00:11.0:   bridge window [mem 0x000d8000-0x000dbfff window] (subtractive decode)
Feb  4 13:59:08 cu-cs-vm kernel: [    0.300932] pci 0000:00:11.0:   bridge window [mem 0xc0000000-0xfebfffff window] (subtractive decode)
Feb  4 13:59:08 cu-cs-vm kernel: [    0.300933] pci 0000:00:11.0:   bridge window [io  0x0000-0x0cf7 window] (subtractive decode)
Feb  4 13:59:08 cu-cs-vm kernel: [    0.300934] pci 0000:00:11.0:   bridge window [io  0x0d00-0xfeff window] (subtractive decode)
Feb  4 13:59:08 cu-cs-vm kernel: [    0.301228] pci 0000:00:15.0: PCI bridge to [bus 03]
Feb  4 13:59:08 cu-cs-vm kernel: [    0.301316] pci 0000:00:15.0:   bridge window [io  0x4000-0x4fff]
Feb  4 13:59:08 cu-cs-vm kernel: [    0.301334] pci 0000:00:15.0:   bridge window [mem 0xfd400000-0xfd4fffff]
Feb  4 13:59:08 cu-cs-vm kernel: [    0.301369] pci 0000:00:15.0:   bridge window [mem 0xe7a00000-0xe7afffff 64bit pref]
Feb  4 13:59:08 cu-cs-vm kernel: [    0.301638] pci 0000:00:15.1: PCI bridge to [bus 04]
Feb  4 13:59:08 cu-cs-vm kernel: [    0.301724] pci 0000:00:15.1:   bridge window [io  0x8000-0x8fff]
Feb  4 13:59:08 cu-cs-vm kernel: [    0.301742] pci 0000:00:15.1:   bridge window [mem 0xfd000000-0xfd0fffff]
Feb  4 13:59:08 cu-cs-vm kernel: [    0.301890] pci 0000:00:15.1:   bridge window [mem 0xe7600000-0xe76fffff 64bit pref]
Feb  4 13:59:08 cu-cs-vm kernel: [    0.302168] pci 0000:00:15.2: PCI bridge to [bus 05]
Feb  4 13:59:08 cu-cs-vm kernel: [    0.302263] pci 0000:00:15.2:   bridge window [io  0xc000-0xcfff]
Feb  4 13:59:08 cu-cs-vm kernel: [    0.302282] pci 0000:00:15.2:   bridge window [mem 0xfcc00000-0xfccfffff]
Feb  4 13:59:08 cu-cs-vm kernel: [    0.302317] pci 0000:00:15.2:   bridge window [mem 0xe7200000-0xe72fffff 64bit pref]
Feb  4 13:59:08 cu-cs-vm kernel: [    0.302584] pci 0000:00:15.3: PCI bridge to [bus 06]
Feb  4 13:59:08 cu-cs-vm kernel: [    0.302687] pci 0000:00:15.3:   bridge window [mem 0xfc800000-0xfc8fffff]
Feb  4 13:59:08 cu-cs-vm kernel: [    0.302721] pci 0000:00:15.3:   bridge window [mem 0xe6e00000-0xe6efffff 64bit pref]
Feb  4 13:59:08 cu-cs-vm kernel: [    0.302995] pci 0000:00:15.4: PCI bridge to [bus 07]
Feb  4 13:59:08 cu-cs-vm kernel: [    0.303098] pci 0000:00:15.4:   bridge window [mem 0xfc400000-0xfc4fffff]
Feb  4 13:59:08 cu-cs-vm kernel: [    0.303133] pci 0000:00:15.4:   bridge window [mem 0xe6a00000-0xe6afffff 64bit pref]
Feb  4 13:59:08 cu-cs-vm kernel: [    0.303397] pci 0000:00:15.5: PCI bridge to [bus 08]
Feb  4 13:59:08 cu-cs-vm kernel: [    0.303501] pci 0000:00:15.5:   bridge window [mem 0xfc000000-0xfc0fffff]
Feb  4 13:59:08 cu-cs-vm kernel: [    0.303536] pci 0000:00:15.5:   bridge window [mem 0xe6600000-0xe66fffff 64bit pref]
Feb  4 13:59:08 cu-cs-vm kernel: [    0.303823] pci 0000:00:15.6: PCI bridge to [bus 09]
Feb  4 13:59:08 cu-cs-vm kernel: [    0.303928] pci 0000:00:15.6:   bridge window [mem 0xfbc00000-0xfbcfffff]
Feb  4 13:59:08 cu-cs-vm kernel: [    0.303964] pci 0000:00:15.6:   bridge window [mem 0xe6200000-0xe62fffff 64bit pref]
Feb  4 13:59:08 cu-cs-vm kernel: [    0.304224] pci 0000:00:15.7: PCI bridge to [bus 0a]
Feb  4 13:59:08 cu-cs-vm kernel: [    0.304328] pci 0000:00:15.7:   bridge window [mem 0xfb800000-0xfb8fffff]
Feb  4 13:59:08 cu-cs-vm kernel: [    0.304364] pci 0000:00:15.7:   bridge window [mem 0xe5e00000-0xe5efffff 64bit pref]
Feb  4 13:59:08 cu-cs-vm kernel: [    0.304633] pci 0000:00:16.0: PCI bridge to [bus 0b]
Feb  4 13:59:08 cu-cs-vm kernel: [    0.304720] pci 0000:00:16.0:   bridge window [io  0x5000-0x5fff]
Feb  4 13:59:08 cu-cs-vm kernel: [    0.304739] pci 0000:00:16.0:   bridge window [mem 0xfd300000-0xfd3fffff]
Feb  4 13:59:08 cu-cs-vm kernel: [    0.304782] pci 0000:00:16.0:   bridge window [mem 0xe7900000-0xe79fffff 64bit pref]
Feb  4 13:59:08 cu-cs-vm kernel: [    0.305047] pci 0000:00:16.1: PCI bridge to [bus 0c]
Feb  4 13:59:08 cu-cs-vm kernel: [    0.305134] pci 0000:00:16.1:   bridge window [io  0x9000-0x9fff]
Feb  4 13:59:08 cu-cs-vm kernel: [    0.305153] pci 0000:00:16.1:   bridge window [mem 0xfcf00000-0xfcffffff]
Feb  4 13:59:08 cu-cs-vm kernel: [    0.305187] pci 0000:00:16.1:   bridge window [mem 0xe7500000-0xe75fffff 64bit pref]
Feb  4 13:59:08 cu-cs-vm kernel: [    0.305455] pci 0000:00:16.2: PCI bridge to [bus 0d]
Feb  4 13:59:08 cu-cs-vm kernel: [    0.305542] pci 0000:00:16.2:   bridge window [io  0xd000-0xdfff]
Feb  4 13:59:08 cu-cs-vm kernel: [    0.305560] pci 0000:00:16.2:   bridge window [mem 0xfcb00000-0xfcbfffff]
Feb  4 13:59:08 cu-cs-vm kernel: [    0.305595] pci 0000:00:16.2:   bridge window [mem 0xe7100000-0xe71fffff 64bit pref]
Feb  4 13:59:08 cu-cs-vm kernel: [    0.305874] pci 0000:00:16.3: PCI bridge to [bus 0e]
Feb  4 13:59:08 cu-cs-vm kernel: [    0.305977] pci 0000:00:16.3:   bridge window [mem 0xfc700000-0xfc7fffff]
Feb  4 13:59:08 cu-cs-vm kernel: [    0.306011] pci 0000:00:16.3:   bridge window [mem 0xe6d00000-0xe6dfffff 64bit pref]
Feb  4 13:59:08 cu-cs-vm kernel: [    0.306274] pci 0000:00:16.4: PCI bridge to [bus 0f]
Feb  4 13:59:08 cu-cs-vm kernel: [    0.306377] pci 0000:00:16.4:   bridge window [mem 0xfc300000-0xfc3fffff]
Feb  4 13:59:08 cu-cs-vm kernel: [    0.306412] pci 0000:00:16.4:   bridge window [mem 0xe6900000-0xe69fffff 64bit pref]
Feb  4 13:59:08 cu-cs-vm kernel: [    0.306674] pci 0000:00:16.5: PCI bridge to [bus 10]
Feb  4 13:59:08 cu-cs-vm kernel: [    0.306789] pci 0000:00:16.5:   bridge window [mem 0xfbf00000-0xfbffffff]
Feb  4 13:59:08 cu-cs-vm kernel: [    0.306831] pci 0000:00:16.5:   bridge window [mem 0xe6500000-0xe65fffff 64bit pref]
Feb  4 13:59:08 cu-cs-vm kernel: [    0.307169] pci 0000:00:16.6: PCI bridge to [bus 11]
Feb  4 13:59:08 cu-cs-vm kernel: [    0.307275] pci 0000:00:16.6:   bridge window [mem 0xfbb00000-0xfbbfffff]
Feb  4 13:59:08 cu-cs-vm kernel: [    0.307310] pci 0000:00:16.6:   bridge window [mem 0xe6100000-0xe61fffff 64bit pref]
Feb  4 13:59:08 cu-cs-vm kernel: [    0.307580] pci 0000:00:16.7: PCI bridge to [bus 12]
Feb  4 13:59:08 cu-cs-vm kernel: [    0.307684] pci 0000:00:16.7:   bridge window [mem 0xfb700000-0xfb7fffff]
Feb  4 13:59:08 cu-cs-vm kernel: [    0.307719] pci 0000:00:16.7:   bridge window [mem 0xe5d00000-0xe5dfffff 64bit pref]
Feb  4 13:59:08 cu-cs-vm kernel: [    0.308090] pci 0000:00:17.0: PCI bridge to [bus 13]
Feb  4 13:59:08 cu-cs-vm kernel: [    0.308204] pci 0000:00:17.0:   bridge window [io  0x6000-0x6fff]
Feb  4 13:59:08 cu-cs-vm kernel: [    0.308226] pci 0000:00:17.0:   bridge window [mem 0xfd200000-0xfd2fffff]
Feb  4 13:59:08 cu-cs-vm kernel: [    0.308269] pci 0000:00:17.0:   bridge window [mem 0xe7800000-0xe78fffff 64bit pref]
Feb  4 13:59:08 cu-cs-vm kernel: [    0.308606] pci 0000:00:17.1: PCI bridge to [bus 14]
Feb  4 13:59:08 cu-cs-vm kernel: [    0.308719] pci 0000:00:17.1:   bridge window [io  0xa000-0xafff]
Feb  4 13:59:08 cu-cs-vm kernel: [    0.308742] pci 0000:00:17.1:   bridge window [mem 0xfce00000-0xfcefffff]
Feb  4 13:59:08 cu-cs-vm kernel: [    0.308794] pci 0000:00:17.1:   bridge window [mem 0xe7400000-0xe74fffff 64bit pref]
Feb  4 13:59:08 cu-cs-vm kernel: [    0.309129] pci 0000:00:17.2: PCI bridge to [bus 15]
Feb  4 13:59:08 cu-cs-vm kernel: [    0.309241] pci 0000:00:17.2:   bridge window [io  0xe000-0xefff]
Feb  4 13:59:08 cu-cs-vm kernel: [    0.309264] pci 0000:00:17.2:   bridge window [mem 0xfca00000-0xfcafffff]
Feb  4 13:59:08 cu-cs-vm kernel: [    0.309306] pci 0000:00:17.2:   bridge window [mem 0xe7000000-0xe70fffff 64bit pref]
Feb  4 13:59:08 cu-cs-vm kernel: [    0.309718] pci 0000:00:17.3: PCI bridge to [bus 16]
Feb  4 13:59:08 cu-cs-vm kernel: [    0.309844] pci 0000:00:17.3:   bridge window [mem 0xfc600000-0xfc6fffff]
Feb  4 13:59:08 cu-cs-vm kernel: [    0.309893] pci 0000:00:17.3:   bridge window [mem 0xe6c00000-0xe6cfffff 64bit pref]
Feb  4 13:59:08 cu-cs-vm kernel: [    0.310164] pci 0000:00:17.4: PCI bridge to [bus 17]
Feb  4 13:59:08 cu-cs-vm kernel: [    0.310268] pci 0000:00:17.4:   bridge window [mem 0xfc200000-0xfc2fffff]
Feb  4 13:59:08 cu-cs-vm kernel: [    0.310303] pci 0000:00:17.4:   bridge window [mem 0xe6800000-0xe68fffff 64bit pref]
Feb  4 13:59:08 cu-cs-vm kernel: [    0.310567] pci 0000:00:17.5: PCI bridge to [bus 18]
Feb  4 13:59:08 cu-cs-vm kernel: [    0.310670] pci 0000:00:17.5:   bridge window [mem 0xfbe00000-0xfbefffff]
Feb  4 13:59:08 cu-cs-vm kernel: [    0.310705] pci 0000:00:17.5:   bridge window [mem 0xe6400000-0xe64fffff 64bit pref]
Feb  4 13:59:08 cu-cs-vm kernel: [    0.310977] pci 0000:00:17.6: PCI bridge to [bus 19]
Feb  4 13:59:08 cu-cs-vm kernel: [    0.311092] pci 0000:00:17.6:   bridge window [mem 0xfba00000-0xfbafffff]
Feb  4 13:59:08 cu-cs-vm kernel: [    0.311127] pci 0000:00:17.6:   bridge window [mem 0xe6000000-0xe60fffff 64bit pref]
Feb  4 13:59:08 cu-cs-vm kernel: [    0.311405] pci 0000:00:17.7: PCI bridge to [bus 1a]
Feb  4 13:59:08 cu-cs-vm kernel: [    0.311510] pci 0000:00:17.7:   bridge window [mem 0xfb600000-0xfb6fffff]
Feb  4 13:59:08 cu-cs-vm kernel: [    0.311546] pci 0000:00:17.7:   bridge window [mem 0xe5c00000-0xe5cfffff 64bit pref]
Feb  4 13:59:08 cu-cs-vm kernel: [    0.311842] pci 0000:00:18.0: PCI bridge to [bus 1b]
Feb  4 13:59:08 cu-cs-vm kernel: [    0.311937] pci 0000:00:18.0:   bridge window [io  0x7000-0x7fff]
Feb  4 13:59:08 cu-cs-vm kernel: [    0.311955] pci 0000:00:18.0:   bridge window [mem 0xfd100000-0xfd1fffff]
Feb  4 13:59:08 cu-cs-vm kernel: [    0.311991] pci 0000:00:18.0:   bridge window [mem 0xe7700000-0xe77fffff 64bit pref]
Feb  4 13:59:08 cu-cs-vm kernel: [    0.312293] pci 0000:00:18.1: PCI bridge to [bus 1c]
Feb  4 13:59:08 cu-cs-vm kernel: [    0.312382] pci 0000:00:18.1:   bridge window [io  0xb000-0xbfff]
Feb  4 13:59:08 cu-cs-vm kernel: [    0.312405] pci 0000:00:18.1:   bridge window [mem 0xfcd00000-0xfcdfffff]
Feb  4 13:59:08 cu-cs-vm kernel: [    0.312452] pci 0000:00:18.1:   bridge window [mem 0xe7300000-0xe73fffff 64bit pref]
Feb  4 13:59:08 cu-cs-vm kernel: [    0.312819] pci 0000:00:18.2: PCI bridge to [bus 1d]
Feb  4 13:59:08 cu-cs-vm kernel: [    0.312956] pci 0000:00:18.2:   bridge window [mem 0xfc900000-0xfc9fffff]
Feb  4 13:59:08 cu-cs-vm kernel: [    0.312993] pci 0000:00:18.2:   bridge window [mem 0xe6f00000-0xe6ffffff 64bit pref]
Feb  4 13:59:08 cu-cs-vm kernel: [    0.313337] pci 0000:00:18.3: PCI bridge to [bus 1e]
Feb  4 13:59:08 cu-cs-vm kernel: [    0.313474] pci 0000:00:18.3:   bridge window [mem 0xfc500000-0xfc5fffff]
Feb  4 13:59:08 cu-cs-vm kernel: [    0.313518] pci 0000:00:18.3:   bridge window [mem 0xe6b00000-0xe6bfffff 64bit pref]
Feb  4 13:59:08 cu-cs-vm kernel: [    0.313918] pci 0000:00:18.4: PCI bridge to [bus 1f]
Feb  4 13:59:08 cu-cs-vm kernel: [    0.314063] pci 0000:00:18.4:   bridge window [mem 0xfc100000-0xfc1fffff]
Feb  4 13:59:08 cu-cs-vm kernel: [    0.314103] pci 0000:00:18.4:   bridge window [mem 0xe6700000-0xe67fffff 64bit pref]
Feb  4 13:59:08 cu-cs-vm kernel: [    0.314419] pci 0000:00:18.5: PCI bridge to [bus 20]
Feb  4 13:59:08 cu-cs-vm kernel: [    0.314541] pci 0000:00:18.5:   bridge window [mem 0xfbd00000-0xfbdfffff]
Feb  4 13:59:08 cu-cs-vm kernel: [    0.314576] pci 0000:00:18.5:   bridge window [mem 0xe6300000-0xe63fffff 64bit pref]
Feb  4 13:59:08 cu-cs-vm kernel: [    0.314866] pci 0000:00:18.6: PCI bridge to [bus 21]
Feb  4 13:59:08 cu-cs-vm kernel: [    0.314971] pci 0000:00:18.6:   bridge window [mem 0xfb900000-0xfb9fffff]
Feb  4 13:59:08 cu-cs-vm kernel: [    0.315005] pci 0000:00:18.6:   bridge window [mem 0xe5f00000-0xe5ffffff 64bit pref]
Feb  4 13:59:08 cu-cs-vm kernel: [    0.315271] pci 0000:00:18.7: PCI bridge to [bus 22]
Feb  4 13:59:08 cu-cs-vm kernel: [    0.315374] pci 0000:00:18.7:   bridge window [mem 0xfb500000-0xfb5fffff]
Feb  4 13:59:08 cu-cs-vm kernel: [    0.315410] pci 0000:00:18.7:   bridge window [mem 0xe5b00000-0xe5bfffff 64bit pref]
Feb  4 13:59:08 cu-cs-vm kernel: [    0.317510] ACPI: PCI Interrupt Link [LNKA] (IRQs 3 4 5 6 7 *9 10 11 14 15), disabled.
Feb  4 13:59:08 cu-cs-vm kernel: [    0.317704] ACPI: PCI Interrupt Link [LNKB] (IRQs 3 4 5 6 *7 9 10 11 14 15), disabled.
Feb  4 13:59:08 cu-cs-vm kernel: [    0.317930] ACPI: PCI Interrupt Link [LNKC] (IRQs 3 4 5 6 7 9 10 *11 14 15), disabled.
Feb  4 13:59:08 cu-cs-vm kernel: [    0.318115] ACPI: PCI Interrupt Link [LNKD] (IRQs 3 4 5 6 7 9 *10 11 14 15), disabled.
Feb  4 13:59:08 cu-cs-vm kernel: [    0.355289] SCSI subsystem initialized
Feb  4 13:59:08 cu-cs-vm kernel: [    0.355434] libata version 3.00 loaded.
Feb  4 13:59:08 cu-cs-vm kernel: [    0.355434] pci 0000:00:0f.0: vgaarb: setting as boot VGA device
Feb  4 13:59:08 cu-cs-vm kernel: [    0.355434] pci 0000:00:0f.0: vgaarb: VGA device added: decodes=io+mem,owns=io+mem,locks=none
Feb  4 13:59:08 cu-cs-vm kernel: [    0.355434] pci 0000:00:0f.0: vgaarb: bridge control possible
Feb  4 13:59:08 cu-cs-vm kernel: [    0.355434] vgaarb: loaded
Feb  4 13:59:08 cu-cs-vm kernel: [    0.355434] ACPI: bus type USB registered
Feb  4 13:59:08 cu-cs-vm kernel: [    0.356038] usbcore: registered new interface driver usbfs
Feb  4 13:59:08 cu-cs-vm kernel: [    0.356154] usbcore: registered new interface driver hub
Feb  4 13:59:08 cu-cs-vm kernel: [    0.356287] usbcore: registered new device driver usb
Feb  4 13:59:08 cu-cs-vm kernel: [    0.356516] EDAC MC: Ver: 3.0.0
Feb  4 13:59:08 cu-cs-vm kernel: [    0.357312] PCI: Using ACPI for IRQ routing
Feb  4 13:59:08 cu-cs-vm kernel: [    0.383330] PCI: pci_cache_line_size set to 64 bytes
Feb  4 13:59:08 cu-cs-vm kernel: [    0.384223] e820: reserve RAM buffer [mem 0x0009e800-0x0009ffff]
Feb  4 13:59:08 cu-cs-vm kernel: [    0.384225] e820: reserve RAM buffer [mem 0xbfed0000-0xbfffffff]
Feb  4 13:59:08 cu-cs-vm kernel: [    0.384321] NetLabel: Initializing
Feb  4 13:59:08 cu-cs-vm kernel: [    0.384389] NetLabel:  domain hash size = 128
Feb  4 13:59:08 cu-cs-vm kernel: [    0.384497] NetLabel:  protocols = UNLABELED CIPSOv4 CALIPSO
Feb  4 13:59:08 cu-cs-vm kernel: [    0.384578] NetLabel:  unlabeled traffic allowed by default
Feb  4 13:59:08 cu-cs-vm kernel: [    0.384677] clocksource: Switched to clocksource refined-jiffies
Feb  4 13:59:08 cu-cs-vm kernel: [    0.392927] VFS: Disk quotas dquot_6.6.0
Feb  4 13:59:08 cu-cs-vm kernel: [    0.393119] VFS: Dquot-cache hash table entries: 512 (order 0, 4096 bytes)
Feb  4 13:59:08 cu-cs-vm kernel: [    0.393304] AppArmor: AppArmor Filesystem Enabled
Feb  4 13:59:08 cu-cs-vm kernel: [    0.393404] pnp: PnP ACPI init
Feb  4 13:59:08 cu-cs-vm kernel: [    0.393610] system 00:00: [io  0x1000-0x103f] has been reserved
Feb  4 13:59:08 cu-cs-vm kernel: [    0.393685] system 00:00: [io  0x1040-0x104f] has been reserved
Feb  4 13:59:08 cu-cs-vm kernel: [    0.393758] system 00:00: [io  0x0cf0-0x0cf1] has been reserved
Feb  4 13:59:08 cu-cs-vm kernel: [    0.393831] system 00:00: Plug and Play ACPI device, IDs PNP0c02 (active)
Feb  4 13:59:08 cu-cs-vm kernel: [    0.393852] pnp 00:01: Plug and Play ACPI device, IDs PNP0b00 (active)
Feb  4 13:59:08 cu-cs-vm kernel: [    0.393865] pnp 00:02: Plug and Play ACPI device, IDs PNP0303 (active)
Feb  4 13:59:08 cu-cs-vm kernel: [    0.393876] pnp 00:03: Plug and Play ACPI device, IDs PNP0f13 VMW0003 (active)
Feb  4 13:59:08 cu-cs-vm kernel: [    0.395374] system 00:04: [io  0xfce0-0xfcff] has been reserved
Feb  4 13:59:08 cu-cs-vm kernel: [    0.395449] system 00:04: [mem 0xf0000000-0xf7ffffff] has been reserved
